Archive member included to satisfy reference by file (symbol)

/Applications/ArmGNUToolchain/15.2.rel1/arm-none-eabi/bin/../lib/gcc/arm-none-eabi/15.2.1/../../../../arm-none-eabi/lib/thumb/v8-m.main+fp/hard/libg_nano.a(libc_a-exit.o)
                              /Applications/ArmGNUToolchain/15.2.rel1/arm-none-eabi/bin/../lib/gcc/arm-none-eabi/15.2.1/../../../../arm-none-eabi/lib/thumb/v8-m.main+fp/hard/crt0.o (exit)
/Applications/ArmGNUToolchain/15.2.rel1/arm-none-eabi/bin/../lib/gcc/arm-none-eabi/15.2.1/../../../../arm-none-eabi/lib/thumb/v8-m.main+fp/hard/libg_nano.a(libc_a-findfp.o)
                              /Applications/ArmGNUToolchain/15.2.rel1/arm-none-eabi/bin/../lib/gcc/arm-none-eabi/15.2.1/../../../../arm-none-eabi/lib/thumb/v8-m.main+fp/hard/libg_nano.a(libc_a-exit.o) (__stdio_exit_handler)
/Applications/ArmGNUToolchain/15.2.rel1/arm-none-eabi/bin/../lib/gcc/arm-none-eabi/15.2.1/../../../../arm-none-eabi/lib/thumb/v8-m.main+fp/hard/libg_nano.a(libc_a-fwalk.o)
                              /Applications/ArmGNUToolchain/15.2.rel1/arm-none-eabi/bin/../lib/gcc/arm-none-eabi/15.2.1/../../../../arm-none-eabi/lib/thumb/v8-m.main+fp/hard/libg_nano.a(libc_a-findfp.o) (_fwalk_sglue)
/Applications/ArmGNUToolchain/15.2.rel1/arm-none-eabi/bin/../lib/gcc/arm-none-eabi/15.2.1/../../../../arm-none-eabi/lib/thumb/v8-m.main+fp/hard/libg_nano.a(libc_a-memset.o)
                              /Applications/ArmGNUToolchain/15.2.rel1/arm-none-eabi/bin/../lib/gcc/arm-none-eabi/15.2.1/../../../../arm-none-eabi/lib/thumb/v8-m.main+fp/hard/crt0.o (memset)
/Applications/ArmGNUToolchain/15.2.rel1/arm-none-eabi/bin/../lib/gcc/arm-none-eabi/15.2.1/../../../../arm-none-eabi/lib/thumb/v8-m.main+fp/hard/libg_nano.a(libc_a-errno.o)
                              CMakeFiles/PRAC_STM32.elf.dir/Src/bsp/syscalls.c.obj (__errno)
/Applications/ArmGNUToolchain/15.2.rel1/arm-none-eabi/bin/../lib/gcc/arm-none-eabi/15.2.1/../../../../arm-none-eabi/lib/thumb/v8-m.main+fp/hard/libg_nano.a(libc_a-init.o)
                              /Applications/ArmGNUToolchain/15.2.rel1/arm-none-eabi/bin/../lib/gcc/arm-none-eabi/15.2.1/../../../../arm-none-eabi/lib/thumb/v8-m.main+fp/hard/crt0.o (__libc_init_array)
/Applications/ArmGNUToolchain/15.2.rel1/arm-none-eabi/bin/../lib/gcc/arm-none-eabi/15.2.1/../../../../arm-none-eabi/lib/thumb/v8-m.main+fp/hard/libg_nano.a(libc_a-lock.o)
                              /Applications/ArmGNUToolchain/15.2.rel1/arm-none-eabi/bin/../lib/gcc/arm-none-eabi/15.2.1/../../../../arm-none-eabi/lib/thumb/v8-m.main+fp/hard/libg_nano.a(libc_a-findfp.o) (__retarget_lock_init_recursive)
/Applications/ArmGNUToolchain/15.2.rel1/arm-none-eabi/bin/../lib/gcc/arm-none-eabi/15.2.1/../../../../arm-none-eabi/lib/thumb/v8-m.main+fp/hard/libg_nano.a(libc_a-impure.o)
                              /Applications/ArmGNUToolchain/15.2.rel1/arm-none-eabi/bin/../lib/gcc/arm-none-eabi/15.2.1/../../../../arm-none-eabi/lib/thumb/v8-m.main+fp/hard/libg_nano.a(libc_a-errno.o) (_impure_ptr)
/Applications/ArmGNUToolchain/15.2.rel1/arm-none-eabi/bin/../lib/gcc/arm-none-eabi/15.2.1/../../../../arm-none-eabi/lib/thumb/v8-m.main+fp/hard/libg_nano.a(libc_a-mallocr.o)
                              /Applications/ArmGNUToolchain/15.2.rel1/arm-none-eabi/bin/../lib/gcc/arm-none-eabi/15.2.1/../../../../arm-none-eabi/lib/thumb/v8-m.main+fp/hard/libg_nano.a(libc_a-findfp.o) (_malloc_r)
/Applications/ArmGNUToolchain/15.2.rel1/arm-none-eabi/bin/../lib/gcc/arm-none-eabi/15.2.1/../../../../arm-none-eabi/lib/thumb/v8-m.main+fp/hard/libg_nano.a(libc_a-mlock.o)
                              /Applications/ArmGNUToolchain/15.2.rel1/arm-none-eabi/bin/../lib/gcc/arm-none-eabi/15.2.1/../../../../arm-none-eabi/lib/thumb/v8-m.main+fp/hard/libg_nano.a(libc_a-mallocr.o) (__malloc_lock)
/Applications/ArmGNUToolchain/15.2.rel1/arm-none-eabi/bin/../lib/gcc/arm-none-eabi/15.2.1/../../../../arm-none-eabi/lib/thumb/v8-m.main+fp/hard/libg_nano.a(libc_a-stdio.o)
                              /Applications/ArmGNUToolchain/15.2.rel1/arm-none-eabi/bin/../lib/gcc/arm-none-eabi/15.2.1/../../../../arm-none-eabi/lib/thumb/v8-m.main+fp/hard/libg_nano.a(libc_a-findfp.o) (__sread)
/Applications/ArmGNUToolchain/15.2.rel1/arm-none-eabi/bin/../lib/gcc/arm-none-eabi/15.2.1/../../../../arm-none-eabi/lib/thumb/v8-m.main+fp/hard/libg_nano.a(libc_a-fflush.o)
                              /Applications/ArmGNUToolchain/15.2.rel1/arm-none-eabi/bin/../lib/gcc/arm-none-eabi/15.2.1/../../../../arm-none-eabi/lib/thumb/v8-m.main+fp/hard/libg_nano.a(libc_a-findfp.o) (_fflush_r)
/Applications/ArmGNUToolchain/15.2.rel1/arm-none-eabi/bin/../lib/gcc/arm-none-eabi/15.2.1/../../../../arm-none-eabi/lib/thumb/v8-m.main+fp/hard/libg_nano.a(libc_a-lseekr.o)
                              /Applications/ArmGNUToolchain/15.2.rel1/arm-none-eabi/bin/../lib/gcc/arm-none-eabi/15.2.1/../../../../arm-none-eabi/lib/thumb/v8-m.main+fp/hard/libg_nano.a(libc_a-stdio.o) (_lseek_r)
[...]
Memory Configuration

Name             Origin             Length             Attributes
RAM              0x20000000         0x000a0000         xrw
FLASH            0x08000000         0x00200000         xr
*default*        0x00000000         0xffffffff

Linker script and memory map

LOAD /Applications/ArmGNUToolchain/15.2.rel1/arm-none-eabi/bin/../lib/gcc/arm-none-eabi/15.2.1/thumb/v8-m.main+fp/hard/crti.o
LOAD /Applications/ArmGNUToolchain/15.2.rel1/arm-none-eabi/bin/../lib/gcc/arm-none-eabi/15.2.1/thumb/v8-m.main+fp/hard/crtbegin.o
LOAD /Applications/ArmGNUToolchain/15.2.rel1/arm-none-eabi/bin/../lib/gcc/arm-none-eabi/15.2.1/../../../../arm-none-eabi/lib/thumb/v8-m.main+fp/hard/crt0.o
LOAD CMakeFiles/PRAC_STM32.elf.dir/Src/ap/ap.c.obj
LOAD CMakeFiles/PRAC_STM32.elf.dir/Src/bsp/bsp.c.obj
LOAD CMakeFiles/PRAC_STM32.elf.dir/Src/bsp/startup/startup_stm32h563zitx.s.obj
LOAD CMakeFiles/PRAC_STM32.elf.dir/Src/bsp/syscalls.c.obj
LOAD CMakeFiles/PRAC_STM32.elf.dir/Src/bsp/sysmem.c.obj
LOAD CMakeFiles/PRAC_STM32.elf.dir/Src/hw/hw.c.obj
LOAD CMakeFiles/PRAC_STM32.elf.dir/Src/main.c.obj
START GROUP
LOAD /Applications/ArmGNUToolchain/15.2.rel1/arm-none-eabi/bin/../lib/gcc/arm-none-eabi/15.2.1/thumb/v8-m.main+fp/hard/libgcc.a
LOAD /Applications/ArmGNUToolchain/15.2.rel1/arm-none-eabi/bin/../lib/gcc/arm-none-eabi/15.2.1/../../../../arm-none-eabi/lib/thumb/v8-m.main+fp/hard/libg_nano.a
LOAD /Applications/ArmGNUToolchain/15.2.rel1/arm-none-eabi/bin/../lib/gcc/arm-none-eabi/15.2.1/../../../../arm-none-eabi/lib/thumb/v8-m.main+fp/hard/libc_nano.a
END GROUP
START GROUP
LOAD /Applications/ArmGNUToolchain/15.2.rel1/arm-none-eabi/bin/../lib/gcc/arm-none-eabi/15.2.1/thumb/v8-m.main+fp/hard/libgcc.a
LOAD /Applications/ArmGNUToolchain/15.2.rel1/arm-none-eabi/bin/../lib/gcc/arm-none-eabi/15.2.1/../../../../arm-none-eabi/lib/thumb/v8-m.main+fp/hard/libc_nano.a
END GROUP
LOAD /Applications/ArmGNUToolchain/15.2.rel1/arm-none-eabi/bin/../lib/gcc/arm-none-eabi/15.2.1/thumb/v8-m.main+fp/hard/crtend.o
LOAD /Applications/ArmGNUToolchain/15.2.rel1/arm-none-eabi/bin/../lib/gcc/arm-none-eabi/15.2.1/thumb/v8-m.main+fp/hard/crtn.o
                0x200a0000                        _estack = (ORIGIN (RAM) + LENGTH (RAM))
                0x00000200                        _Min_Heap_Size = 0x200
                0x00000400                        _Min_Stack_Size = 0x400

.isr_vector     0x08000000      0x24c
                0x08000000                        . = ALIGN (0x4)
 *(.isr_vector)
 .isr_vector    0x08000000      0x24c CMakeFiles/PRAC_STM32.elf.dir/Src/bsp/startup/startup_stm32h563zitx.s.obj
                0x08000000                g_pfnVectors
                0x0800024c                        . = ALIGN (0x4)

.text           0x0800024c      0x1a8
                0x0800024c                        . = ALIGN (0x4)
 *(.text)
 .text          0x0800024c       0x14 CMakeFiles/PRAC_STM32.elf.dir/Src/ap/ap.c.obj
                0x0800024c                apInit
                0x08000258                apMain
 .text          0x08000260       0x2c CMakeFiles/PRAC_STM32.elf.dir/Src/bsp/bsp.c.obj
                0x08000260                bspInit
                0x0800026c                delay
                0x0800027e                millis
 .text          0x0800028c        0xc CMakeFiles/PRAC_STM32.elf.dir/Src/hw/hw.c.obj
                0x0800028c                hwInit
 .text          0x08000298       0x16 CMakeFiles/PRAC_STM32.elf.dir/Src/main.c.obj
                0x08000298                main
 *(.text*)
 *fill*         0x080002ae        0x2 
 .text.deregister_tm_clones
                0x080002b0       0x1c /Applications/ArmGNUToolchain/15.2.rel1/arm-none-eabi/bin/../lib/gcc/arm-none-eabi/15.2.1/thumb/v8-m.main+fp/hard/crtbegin.o
 .text.register_tm_clones
                0x080002cc       0x28 /Applications/ArmGNUToolchain/15.2.rel1/arm-none-eabi/bin/../lib/gcc/arm-none-eabi/15.2.1/thumb/v8-m.main+fp/hard/crtbegin.o
 .text.__do_global_dtors_aux
                0x080002f4       0x28 /Applications/ArmGNUToolchain/15.2.rel1/arm-none-eabi/bin/../lib/gcc/arm-none-eabi/15.2.1/thumb/v8-m.main+fp/hard/crtbegin.o
 .text.frame_dummy
                0x0800031c       0x24 /Applications/ArmGNUToolchain/15.2.rel1/arm-none-eabi/bin/../lib/gcc/arm-none-eabi/15.2.1/thumb/v8-m.main+fp/hard/crtbegin.o
 .text.Reset_Handler
                0x08000340       0x50 CMakeFiles/PRAC_STM32.elf.dir/Src/bsp/startup/startup_stm32h563zitx.s.obj
                0x08000340                Reset_Handler
 .text.Default_Handler
                0x08000390        0x2 CMakeFiles/PRAC_STM32.elf.dir/Src/bsp/startup/startup_stm32h563zitx.s.obj
                0x08000390                HASH_IRQHandler
                0x08000390                TIM8_CC_IRQHandler
                0x08000390                EXTI5_IRQHandler
                0x08000390                I3C1_ER_IRQHandler
                0x08000390                DebugMon_Handler
                0x08000390                UART8_IRQHandler
                0x08000390                SPI4_IRQHandler
                0x08000390                FLASH_S_IRQHandler
                0x08000390                EXTI13_IRQHandler
                0x08000390                TIM1_CC_IRQHandler
                0x08000390                Cordic_IRQHandler
                0x08000390                HardFault_Handler
                0x08000390                TIM1_TRG_COM_DIR_IDX_IRQHandler
                0x08000390                TAMP_IRQHandler
                0x08000390                TIM6_IRQHandler
                0x08000390                EXTI12_IRQHandler
                0x08000390                SysTick_Handler
                0x08000390                PendSV_Handler
                0x08000390                NMI_Handler
                0x08000390                EXTI3_IRQHandler
                0x08000390                LPTIM4_IRQHandler
                0x08000390                EXTI8_IRQHandler
                0x08000390                LPTIM2_IRQHandler
                0x08000390                GPDMA1_CH5_IRQHandler
                0x08000390                USB_FS_IRQHandler
                0x08000390                I2C3_ER_IRQHandler
                0x08000390                USART10_IRQHandler
                0x08000390                LPTIM3_IRQHandler
                0x08000390                EXTI0_IRQHandler
                0x08000390                I2C2_EV_IRQHandler
                0x08000390                FDCAN1_IT1_IRQHandler
                0x08000390                RAMCFG_IRQHandler
                0x08000390                UsageFault_Handler
                0x08000390                GPDMA1_CH3_IRQHandler
                0x08000390                SPI1_IRQHandler
                0x08000390                OCTOSPI1_IRQHandler
                0x08000390                GPDMA1_CH4_IRQHandler
                0x08000390                TIM8_UP_IRQHandler
                0x08000390                RCC_S_IRQHandler
                0x08000390                SAI2_IRQHandler
                0x08000390                ADC1_IRQHandler
                0x08000390                USART6_IRQHandler
                0x08000390                TIM8_TRG_COM_DIR_IDX_IRQHandler
                0x08000390                EXTI15_IRQHandler
                0x08000390                TIM17_IRQHandler
                0x08000390                GPDMA2_CH6_IRQHandler
                0x08000390                USART3_IRQHandler
                0x08000390                EXTI9_IRQHandler
                0x08000390                LPTIM5_IRQHandler
                0x08000390                UART5_IRQHandler
                0x08000390                GPDMA1_CH7_IRQHandler
                0x08000390                TIM4_IRQHandler
                0x08000390                I2C1_EV_IRQHandler
                0x08000390                TIM16_IRQHandler
                0x08000390                UART4_IRQHandler
                0x08000390                SecureFault_Handler
                0x08000390                GPDMA1_CH6_IRQHandler
                0x08000390                TIM3_IRQHandler
                0x08000390                RCC_IRQHandler
                0x08000390                UART9_IRQHandler
                0x08000390                Default_Handler
                0x08000390                GPDMA1_CH1_IRQHandler
                0x08000390                GPDMA2_CH0_IRQHandler
                0x08000390                FMAC_IRQHandler
                0x08000390                USART11_IRQHandler
                0x08000390                TIM14_IRQHandler
                0x08000390                TIM13_IRQHandler
                0x08000390                GPDMA2_CH4_IRQHandler
                0x08000390                SPI5_IRQHandler
                0x08000390                GPDMA1_CH0_IRQHandler
                0x08000390                TIM12_IRQHandler
                0x08000390                TIM7_IRQHandler
                0x08000390                SDMMC1_IRQHandler
                0x08000390                TIM5_IRQHandler
                0x08000390                UCPD1_IRQHandler
                0x08000390                I3C1_EV_IRQHandler
                0x08000390                TIM15_IRQHandler
                0x08000390                I2C3_EV_IRQHandler
                0x08000390                GPDMA2_CH3_IRQHandler
                0x08000390                ETH_WKUP_IRQHandler
                0x08000390                ADC2_IRQHandler
                0x08000390                SPI2_IRQHandler
                0x08000390                MemManage_Handler
                0x08000390                GPDMA1_CH2_IRQHandler
                0x08000390                EXTI14_IRQHandler
                0x08000390                EXTI11_IRQHandler
                0x08000390                SVC_Handler
                0x08000390                CRS_IRQHandler
                0x08000390                GPDMA2_CH2_IRQHandler
                0x08000390                EXTI4_IRQHandler
                0x08000390                TIM1_BRK_TERR_IERR_IRQHandler
                0x08000390                RNG_IRQHandler
                0x08000390                DCACHE_IRQHandler
                0x08000390                FDCAN2_IT1_IRQHandler
                0x08000390                ETH_IRQHandler
                0x08000390                GPDMA2_CH7_IRQHandler
                0x08000390                TIM1_UP_IRQHandler
                0x08000390                UART12_IRQHandler
                0x08000390                WWDG_IRQHandler
                0x08000390                SPI6_IRQHandler
                0x08000390                I2C4_EV_IRQHandler
                0x08000390                FDCAN2_IT0_IRQHandler
                0x08000390                IWDG_IRQHandler
                0x08000390                LPUART1_IRQHandler
                0x08000390                FDCAN1_IT0_IRQHandler
                0x08000390                TIM2_IRQHandler
                0x08000390                DTS_WKUP_IRQHandler
                0x08000390                GPDMA2_CH1_IRQHandler
                0x08000390                EXTI7_IRQHandler
                0x08000390                EXTI1_IRQHandler
                0x08000390                SDMMC2_IRQHandler
                0x08000390                LPTIM6_IRQHandler
                0x08000390                DAC1_IRQHandler
                0x08000390                UART7_IRQHandler
                0x08000390                GTZC_IRQHandler
                0x08000390                USART2_IRQHandler
                0x08000390                I2C2_ER_IRQHandler
                0x08000390                FLASH_IRQHandler
                0x08000390                BusFault_Handler
                0x08000390                USART1_IRQHandler
                0x08000390                EXTI10_IRQHandler
                0x08000390                SPI3_IRQHandler
                0x08000390                IM8_BRK_TERR_IERR_IRQHandler
                0x08000390                I2C1_ER_IRQHandler
                0x08000390                FMC_IRQHandler
                0x08000390                EXTI6_IRQHandler
                0x08000390                LPTIM1_IRQHandler
                0x08000390                DCMI_PSSI_IRQHandler
                0x08000390                I2C4_ER_IRQHandler
                0x08000390                GPDMA2_CH5_IRQHandler
                0x08000390                ICACHE_IRQHandler
                0x08000390                SAI1_IRQHandler
                0x08000390                EXTI2_IRQHandler
 *fill*         0x08000392        0x2 
 .text.__libc_init_array
                0x08000394       0x48 /Applications/ArmGNUToolchain/15.2.rel1/arm-none-eabi/bin/../lib/gcc/arm-none-eabi/15.2.1/../../../../arm-none-eabi/lib/thumb/v8-m.main+fp/hard/libg_nano.a(libc_a-init.o)
                0x08000394                __libc_init_array
 *(.glue_7)
 .glue_7        0x080003dc        0x0 linker stubs
 *(.glue_7t)
 .glue_7t       0x080003dc        0x0 linker stubs
 *(.eh_frame)
 .eh_frame      0x080003dc        0x0 /Applications/ArmGNUToolchain/15.2.rel1/arm-none-eabi/bin/../lib/gcc/arm-none-eabi/15.2.1/thumb/v8-m.main+fp/hard/crtbegin.o
 *(.init)
 .init          0x080003dc        0x4 /Applications/ArmGNUToolchain/15.2.rel1/arm-none-eabi/bin/../lib/gcc/arm-none-eabi/15.2.1/thumb/v8-m.main+fp/hard/crti.o
                0x080003dc                _init
 .init          0x080003e0        0x8 /Applications/ArmGNUToolchain/15.2.rel1/arm-none-eabi/bin/../lib/gcc/arm-none-eabi/15.2.1/thumb/v8-m.main+fp/hard/crtn.o
 *(.fini)
 .fini          0x080003e8        0x4 /Applications/ArmGNUToolchain/15.2.rel1/arm-none-eabi/bin/../lib/gcc/arm-none-eabi/15.2.1/thumb/v8-m.main+fp/hard/crti.o
                0x080003e8                _fini
 .fini          0x080003ec        0x8 /Applications/ArmGNUToolchain/15.2.rel1/arm-none-eabi/bin/../lib/gcc/arm-none-eabi/15.2.1/thumb/v8-m.main+fp/hard/crtn.o
                0x080003f4                        . = ALIGN (0x4)
                0x080003f4                        _etext = .

.vfp11_veneer   0x080003f4        0x0
 .vfp11_veneer  0x080003f4        0x0 linker stubs

.v4_bx          0x080003f4        0x0
 .v4_bx         0x080003f4        0x0 linker stubs

.iplt           0x080003f4        0x0
 .iplt          0x080003f4        0x0 /Applications/ArmGNUToolchain/15.2.rel1/arm-none-eabi/bin/../lib/gcc/arm-none-eabi/15.2.1/thumb/v8-m.main+fp/hard/crtbegin.o

.rodata         0x080003f4        0x0
                0x080003f4                        . = ALIGN (0x4)
 *(.rodata)
 *(.rodata*)
                0x080003f4                        . = ALIGN (0x4)

.ARM.extab      0x080003f4        0x0
                0x080003f4                        . = ALIGN (0x4)
 *(.ARM.extab* .gnu.linkonce.armextab.*)
                0x080003f4                        . = ALIGN (0x4)

.ARM            0x080003f4        0x0
                0x080003f4                        . = ALIGN (0x4)
                0x080003f4                        __exidx_start = .
 *(.ARM.exidx*)
                0x080003f4                        __exidx_end = .
                0x080003f4                        . = ALIGN (0x4)

.preinit_array  0x080003f4        0x0
                0x080003f4                        . = ALIGN (0x4)
                0x080003f4                        PROVIDE (__preinit_array_start = .)
 *(.preinit_array*)
                0x080003f4                        PROVIDE (__preinit_array_end = .)
                0x080003f4                        . = ALIGN (0x4)

.init_array     0x080003f4        0x4
                0x080003f4                        . = ALIGN (0x4)
                0x080003f4                        PROVIDE (__init_array_start = .)
 *(SORT_BY_NAME(.init_array.*))
 *(.init_array*)
 .init_array    0x080003f4        0x4 /Applications/ArmGNUToolchain/15.2.rel1/arm-none-eabi/bin/../lib/gcc/arm-none-eabi/15.2.1/thumb/v8-m.main+fp/hard/crtbegin.o
                0x080003f8                        PROVIDE (__init_array_end = .)
                0x080003f8                        . = ALIGN (0x4)

.fini_array     0x080003f8        0x4
                0x080003f8                        . = ALIGN (0x4)
                [!provide]                        PROVIDE (__fini_array_start = .)
 *(SORT_BY_NAME(.fini_array.*))
 *(.fini_array*)
 .fini_array    0x080003f8        0x4 /Applications/ArmGNUToolchain/15.2.rel1/arm-none-eabi/bin/../lib/gcc/arm-none-eabi/15.2.1/thumb/v8-m.main+fp/hard/crtbegin.o
                [!provide]                        PROVIDE (__fini_array_end = .)
                0x080003fc                        . = ALIGN (0x4)
                0x080003fc                        _sidata = LOADADDR (.data)

.rel.dyn        0x080003fc        0x0
 .rel.iplt      0x080003fc        0x0 /Applications/ArmGNUToolchain/15.2.rel1/arm-none-eabi/bin/../lib/gcc/arm-none-eabi/15.2.1/thumb/v8-m.main+fp/hard/crtbegin.o

.data           0x20000000        0x0 load address 0x080003fc
                0x20000000                        . = ALIGN (0x4)
                0x20000000                        _sdata = .
 *(.data)
 *(.data*)
 *(.RamFunc)
 *(.RamFunc*)
                0x20000000                        . = ALIGN (0x4)
                0x20000000                        _edata = .

.tm_clone_table
                0x20000000        0x0 load address 0x080003fc
 .tm_clone_table
                0x20000000        0x0 /Applications/ArmGNUToolchain/15.2.rel1/arm-none-eabi/bin/../lib/gcc/arm-none-eabi/15.2.1/thumb/v8-m.main+fp/hard/crtbegin.o
 .tm_clone_table
                0x20000000        0x0 /Applications/ArmGNUToolchain/15.2.rel1/arm-none-eabi/bin/../lib/gcc/arm-none-eabi/15.2.1/thumb/v8-m.main+fp/hard/crtend.o

.igot.plt       0x20000000        0x0 load address 0x080003fc
 .igot.plt      0x20000000        0x0 /Applications/ArmGNUToolchain/15.2.rel1/arm-none-eabi/bin/../lib/gcc/arm-none-eabi/15.2.1/thumb/v8-m.main+fp/hard/crtbegin.o
                0x20000000                        . = ALIGN (0x4)

.bss            0x20000000       0x1c load address 0x080003fc
                0x20000000                        _sbss = .
                0x20000000                        __bss_start__ = _sbss
 *(.bss)
 *(.bss*)
 .bss.completed.1
                0x20000000        0x1 /Applications/ArmGNUToolchain/15.2.rel1/arm-none-eabi/bin/../lib/gcc/arm-none-eabi/15.2.1/thumb/v8-m.main+fp/hard/crtbegin.o
 *fill*         0x20000001        0x3 
 .bss.object.0  0x20000004       0x18 /Applications/ArmGNUToolchain/15.2.rel1/arm-none-eabi/bin/../lib/gcc/arm-none-eabi/15.2.1/thumb/v8-m.main+fp/hard/crtbegin.o
 *(COMMON)
                0x2000001c                        . = ALIGN (0x4)
                0x2000001c                        _ebss = .
                0x2000001c                        __bss_end__ = _ebss

._user_heap_stack
                0x2000001c      0x604 load address 0x080003fc
                0x20000020                        . = ALIGN (0x8)
 *fill*         0x2000001c        0x4 
                [!provide]                        PROVIDE (end = .)
                0x20000020                        PROVIDE (_end = .)
                0x20000220                        . = (. + _Min_Heap_Size)
 *fill*         0x20000020      0x200 
                0x20000620                        . = (. + _Min_Stack_Size)
 *fill*         0x20000220      0x400 
                0x20000620                        . = ALIGN (0x8)

/DISCARD/
 libc.a(*)
 libm.a(*)
 libgcc.a(*)

.ARM.attributes
                0x00000000       0x36
 *(.ARM.attributes)
 .ARM.attributes
                0x00000000       0x26 /Applications/ArmGNUToolchain/15.2.rel1/arm-none-eabi/bin/../lib/gcc/arm-none-eabi/15.2.1/thumb/v8-m.main+fp/hard/crti.o
 .ARM.attributes
                0x00000026       0x38 /Applications/ArmGNUToolchain/15.2.rel1/arm-none-eabi/bin/../lib/gcc/arm-none-eabi/15.2.1/thumb/v8-m.main+fp/hard/crtbegin.o
 .ARM.attributes
                0x0000005e       0x3a CMakeFiles/PRAC_STM32.elf.dir/Src/ap/ap.c.obj
 .ARM.attributes
                0x00000098       0x3a CMakeFiles/PRAC_STM32.elf.dir/Src/bsp/bsp.c.obj
 .ARM.attributes
                0x000000d2       0x24 CMakeFiles/PRAC_STM32.elf.dir/Src/bsp/startup/startup_stm32h563zitx.s.obj
 .ARM.attributes
                0x000000f6       0x3a CMakeFiles/PRAC_STM32.elf.dir/Src/hw/hw.c.obj
 .ARM.attributes
                0x00000130       0x3a CMakeFiles/PRAC_STM32.elf.dir/Src/main.c.obj
 .ARM.attributes
                0x0000016a       0x38 /Applications/ArmGNUToolchain/15.2.rel1/arm-none-eabi/bin/../lib/gcc/arm-none-eabi/15.2.1/../../../../arm-none-eabi/lib/thumb/v8-m.main+fp/hard/libg_nano.a(libc_a-init.o)
 .ARM.attributes
                0x000001a2       0x38 /Applications/ArmGNUToolchain/15.2.rel1/arm-none-eabi/bin/../lib/gcc/arm-none-eabi/15.2.1/thumb/v8-m.main+fp/hard/crtend.o
 .ARM.attributes
                0x000001da       0x26 /Applications/ArmGNUToolchain/15.2.rel1/arm-none-eabi/bin/../lib/gcc/arm-none-eabi/15.2.1/thumb/v8-m.main+fp/hard/crtn.o
OUTPUT(PRAC_STM32.elf elf32-littlearm)
LOAD linker stubs
LOAD /Applications/ArmGNUToolchain/15.2.rel1/arm-none-eabi/bin/../lib/gcc/arm-none-eabi/15.2.1/../../../../arm-none-eabi/lib/thumb/v8-m.main+fp/hard/libc.a
LOAD /Applications/ArmGNUToolchain/15.2.rel1/arm-none-eabi/bin/../lib/gcc/arm-none-eabi/15.2.1/../../../../arm-none-eabi/lib/thumb/v8-m.main+fp/hard/libm.a
LOAD /Applications/ArmGNUToolchain/15.2.rel1/arm-none-eabi/bin/../lib/gcc/arm-none-eabi/15.2.1/thumb/v8-m.main+fp/hard/libgcc.a

.debug_info     0x00000000      0x30a
 .debug_info    0x00000000       0xa4 CMakeFiles/PRAC_STM32.elf.dir/Src/ap/ap.c.obj
 .debug_info    0x000000a4       0xe9 CMakeFiles/PRAC_STM32.elf.dir/Src/bsp/bsp.c.obj
 .debug_info    0x0000018d       0x30 CMakeFiles/PRAC_STM32.elf.dir/Src/bsp/startup/startup_stm32h563zitx.s.obj
 .debug_info    0x000001bd       0x9e CMakeFiles/PRAC_STM32.elf.dir/Src/hw/hw.c.obj
 .debug_info    0x0000025b       0xaf CMakeFiles/PRAC_STM32.elf.dir/Src/main.c.obj

.debug_abbrev   0x00000000      0x1d1
 .debug_abbrev  0x00000000       0x4d CMakeFiles/PRAC_STM32.elf.dir/Src/ap/ap.c.obj
 .debug_abbrev  0x0000004d       0xa1 CMakeFiles/PRAC_STM32.elf.dir/Src/bsp/bsp.c.obj
 .debug_abbrev  0x000000ee       0x24 CMakeFiles/PRAC_STM32.elf.dir/Src/bsp/startup/startup_stm32h563zitx.s.obj
 .debug_abbrev  0x00000112       0x5e CMakeFiles/PRAC_STM32.elf.dir/Src/hw/hw.c.obj
 .debug_abbrev  0x00000170       0x61 CMakeFiles/PRAC_STM32.elf.dir/Src/main.c.obj

.debug_aranges  0x00000000       0xa8
 .debug_aranges
                0x00000000       0x20 CMakeFiles/PRAC_STM32.elf.dir/Src/ap/ap.c.obj
 .debug_aranges
                0x00000020       0x20 CMakeFiles/PRAC_STM32.elf.dir/Src/bsp/bsp.c.obj
 .debug_aranges
                0x00000040       0x28 CMakeFiles/PRAC_STM32.elf.dir/Src/bsp/startup/startup_stm32h563zitx.s.obj
 .debug_aranges
                0x00000068       0x20 CMakeFiles/PRAC_STM32.elf.dir/Src/hw/hw.c.obj
 .debug_aranges
                0x00000088       0x20 CMakeFiles/PRAC_STM32.elf.dir/Src/main.c.obj

.debug_macro    0x00000000     0x215f
 .debug_macro   0x00000000      0x1a9 CMakeFiles/PRAC_STM32.elf.dir/Src/ap/ap.c.obj
 .debug_macro   0x000001a9      0xaea CMakeFiles/PRAC_STM32.elf.dir/Src/ap/ap.c.obj
 .debug_macro   0x00000c93       0x22 CMakeFiles/PRAC_STM32.elf.dir/Src/ap/ap.c.obj
 .debug_macro   0x00000cb5       0x5b CMakeFiles/PRAC_STM32.elf.dir/Src/ap/ap.c.obj
 .debug_macro   0x00000d10       0x2a CMakeFiles/PRAC_STM32.elf.dir/Src/ap/ap.c.obj
 .debug_macro   0x00000d3a       0x94 CMakeFiles/PRAC_STM32.elf.dir/Src/ap/ap.c.obj
 .debug_macro   0x00000dce       0x43 CMakeFiles/PRAC_STM32.elf.dir/Src/ap/ap.c.obj
 .debug_macro   0x00000e11       0x34 CMakeFiles/PRAC_STM32.elf.dir/Src/ap/ap.c.obj
 .debug_macro   0x00000e45       0x16 CMakeFiles/PRAC_STM32.elf.dir/Src/ap/ap.c.obj
 .debug_macro   0x00000e5b       0x57 CMakeFiles/PRAC_STM32.elf.dir/Src/ap/ap.c.obj
 .debug_macro   0x00000eb2       0x9e CMakeFiles/PRAC_STM32.elf.dir/Src/ap/ap.c.obj
 .debug_macro   0x00000f50      0x364 CMakeFiles/PRAC_STM32.elf.dir/Src/ap/ap.c.obj
 .debug_macro   0x000012b4      0x127 CMakeFiles/PRAC_STM32.elf.dir/Src/ap/ap.c.obj
 .debug_macro   0x000013db       0x10 CMakeFiles/PRAC_STM32.elf.dir/Src/ap/ap.c.obj
 .debug_macro   0x000013eb       0x16 CMakeFiles/PRAC_STM32.elf.dir/Src/ap/ap.c.obj
 .debug_macro   0x00001401       0x4a CMakeFiles/PRAC_STM32.elf.dir/Src/ap/ap.c.obj
 .debug_macro   0x0000144b       0x34 CMakeFiles/PRAC_STM32.elf.dir/Src/ap/ap.c.obj
 .debug_macro   0x0000147f       0x10 CMakeFiles/PRAC_STM32.elf.dir/Src/ap/ap.c.obj
 .debug_macro   0x0000148f       0x58 CMakeFiles/PRAC_STM32.elf.dir/Src/ap/ap.c.obj
 .debug_macro   0x000014e7       0x8e CMakeFiles/PRAC_STM32.elf.dir/Src/ap/ap.c.obj
 .debug_macro   0x00001575       0x1c CMakeFiles/PRAC_STM32.elf.dir/Src/ap/ap.c.obj
 .debug_macro   0x00001591      0x17e CMakeFiles/PRAC_STM32.elf.dir/Src/ap/ap.c.obj
 .debug_macro   0x0000170f       0x16 CMakeFiles/PRAC_STM32.elf.dir/Src/ap/ap.c.obj
 .debug_macro   0x00001725       0x16 CMakeFiles/PRAC_STM32.elf.dir/Src/ap/ap.c.obj
 .debug_macro   0x0000173b      0x146 CMakeFiles/PRAC_STM32.elf.dir/Src/ap/ap.c.obj
 .debug_macro   0x00001881      0x103 CMakeFiles/PRAC_STM32.elf.dir/Src/ap/ap.c.obj
 .debug_macro   0x00001984       0x6a CMakeFiles/PRAC_STM32.elf.dir/Src/ap/ap.c.obj
 .debug_macro   0x000019ee      0x1df CMakeFiles/PRAC_STM32.elf.dir/Src/ap/ap.c.obj
 .debug_macro   0x00001bcd       0x10 CMakeFiles/PRAC_STM32.elf.dir/Src/ap/ap.c.obj
 .debug_macro   0x00001bdd       0x53 CMakeFiles/PRAC_STM32.elf.dir/Src/ap/ap.c.obj
 .debug_macro   0x00001c30       0x16 CMakeFiles/PRAC_STM32.elf.dir/Src/ap/ap.c.obj
 .debug_macro   0x00001c46       0x3c CMakeFiles/PRAC_STM32.elf.dir/Src/ap/ap.c.obj
 .debug_macro   0x00001c82      0x18b CMakeFiles/PRAC_STM32.elf.dir/Src/bsp/bsp.c.obj
 .debug_macro   0x00001e0d      0x19f CMakeFiles/PRAC_STM32.elf.dir/Src/hw/hw.c.obj
 .debug_macro   0x00001fac      0x1b3 CMakeFiles/PRAC_STM32.elf.dir/Src/main.c.obj

.debug_line     0x00000000     0x1107
 .debug_line    0x00000000      0x444 CMakeFiles/PRAC_STM32.elf.dir/Src/ap/ap.c.obj
 .debug_line    0x00000444      0x3b8 CMakeFiles/PRAC_STM32.elf.dir/Src/bsp/bsp.c.obj
 .debug_line    0x000007fc       0x7b CMakeFiles/PRAC_STM32.elf.dir/Src/bsp/startup/startup_stm32h563zitx.s.obj
 .debug_line    0x00000877      0x402 CMakeFiles/PRAC_STM32.elf.dir/Src/hw/hw.c.obj
 .debug_line    0x00000c79      0x48e CMakeFiles/PRAC_STM32.elf.dir/Src/main.c.obj

.debug_str      0x00000000     0x7a2b
 .debug_str     0x00000000     0x7a2b CMakeFiles/PRAC_STM32.elf.dir/Src/ap/ap.c.obj
                               0x7ac9 (size before relaxing)
 .debug_str     0x00007a2b        0x0 CMakeFiles/PRAC_STM32.elf.dir/Src/bsp/bsp.c.obj
                               0x7ab8 (size before relaxing)
 .debug_str     0x00007a2b        0x0 CMakeFiles/PRAC_STM32.elf.dir/Src/bsp/startup/startup_stm32h563zitx.s.obj
                                 0xb2 (size before relaxing)
 .debug_str     0x00007a2b        0x0 CMakeFiles/PRAC_STM32.elf.dir/Src/hw/hw.c.obj
                               0x7abc (size before relaxing)
 .debug_str     0x00007a2b        0x0 CMakeFiles/PRAC_STM32.elf.dir/Src/main.c.obj
                               0x7ae1 (size before relaxing)

.comment        0x00000000       0x45
 .comment       0x00000000       0x45 CMakeFiles/PRAC_STM32.elf.dir/Src/ap/ap.c.obj
                                 0x46 (size before relaxing)
 .comment       0x00000045        0x0 CMakeFiles/PRAC_STM32.elf.dir/Src/bsp/bsp.c.obj
                                 0x46 (size before relaxing)
 .comment       0x00000045        0x0 CMakeFiles/PRAC_STM32.elf.dir/Src/hw/hw.c.obj
                                 0x46 (size before relaxing)
 .comment       0x00000045        0x0 CMakeFiles/PRAC_STM32.elf.dir/Src/main.c.obj
                                 0x46 (size before relaxing)

.debug_frame    0x00000000      0x144
 .debug_frame   0x00000000       0x48 CMakeFiles/PRAC_STM32.elf.dir/Src/ap/ap.c.obj
 .debug_frame   0x00000048       0x78 CMakeFiles/PRAC_STM32.elf.dir/Src/bsp/bsp.c.obj
 .debug_frame   0x000000c0       0x2c CMakeFiles/PRAC_STM32.elf.dir/Src/hw/hw.c.obj
 .debug_frame   0x000000ec       0x2c CMakeFiles/PRAC_STM32.elf.dir/Src/main.c.obj
 .debug_frame   0x00000118       0x2c /Applications/ArmGNUToolchain/15.2.rel1/arm-none-eabi/bin/../lib/gcc/arm-none-eabi/15.2.1/../../../../arm-none-eabi/lib/thumb/v8-m.main+fp/hard/libg_nano.a(libc_a-init.o)

.debug_line_str
                0x00000000       0x96
 .debug_line_str
                0x00000000       0x96 CMakeFiles/PRAC_STM32.elf.dir/Src/bsp/startup/startup_stm32h563zitx.s.obj

.debug_rnglists
                0x00000000       0x19
 .debug_rnglists
                0x00000000       0x19 CMakeFiles/PRAC_STM32.elf.dir/Src/bsp/startup/startup_stm32h563zitx.s.obj

Cross Reference Table

Symbol                                            File
ADC1_IRQHandler                                   CMakeFiles/PRAC_STM32.elf.dir/Src/bsp/startup/startup_stm32h563zitx.s.obj
ADC2_IRQHandler                                   CMakeFiles/PRAC_STM32.elf.dir/Src/bsp/startup/startup_stm32h563zitx.s.obj
BusFault_Handler                                  CMakeFiles/PRAC_STM32.elf.dir/Src/bsp/startup/startup_stm32h563zitx.s.obj
CRS_IRQHandler                                    CMakeFiles/PRAC_STM32.elf.dir/Src/bsp/startup/startup_stm32h563zitx.s.obj
Cordic_IRQHandler                                 CMakeFiles/PRAC_STM32.elf.dir/Src/bsp/startup/startup_stm32h563zitx.s.obj
DAC1_IRQHandler                                   CMakeFiles/PRAC_STM32.elf.dir/Src/bsp/startup/startup_stm32h563zitx.s.obj
DCACHE_IRQHandler                                 CMakeFiles/PRAC_STM32.elf.dir/Src/bsp/startup/startup_stm32h563zitx.s.obj
DCMI_PSSI_IRQHandler                              CMakeFiles/PRAC_STM32.elf.dir/Src/bsp/startup/startup_stm32h563zitx.s.obj
DTS_WKUP_IRQHandler                               CMakeFiles/PRAC_STM32.elf.dir/Src/bsp/startup/startup_stm32h563zitx.s.obj
DebugMon_Handler                                  CMakeFiles/PRAC_STM32.elf.dir/Src/bsp/startup/startup_stm32h563zitx.s.obj
Default_Handler                                   CMakeFiles/PRAC_STM32.elf.dir/Src/bsp/startup/startup_stm32h563zitx.s.obj
ETH_IRQHandler                                    CMakeFiles/PRAC_STM32.elf.dir/Src/bsp/startup/startup_stm32h563zitx.s.obj
ETH_WKUP_IRQHandler                               CMakeFiles/PRAC_STM32.elf.dir/Src/bsp/startup/startup_stm32h563zitx.s.obj
EXTI0_IRQHandler                                  CMakeFiles/PRAC_STM32.elf.dir/Src/bsp/startup/startup_stm32h563zitx.s.obj
EXTI10_IRQHandler                                 CMakeFiles/PRAC_STM32.elf.dir/Src/bsp/startup/startup_stm32h563zitx.s.obj
EXTI11_IRQHandler                                 CMakeFiles/PRAC_STM32.elf.dir/Src/bsp/startup/startup_stm32h563zitx.s.obj
EXTI12_IRQHandler                                 CMakeFiles/PRAC_STM32.elf.dir/Src/bsp/startup/startup_stm32h563zitx.s.obj
EXTI13_IRQHandler                                 CMakeFiles/PRAC_STM32.elf.dir/Src/bsp/startup/startup_stm32h563zitx.s.obj
EXTI14_IRQHandler                                 CMakeFiles/PRAC_STM32.elf.dir/Src/bsp/startup/startup_stm32h563zitx.s.obj
EXTI15_IRQHandler                                 CMakeFiles/PRAC_STM32.elf.dir/Src/bsp/startup/startup_stm32h563zitx.s.obj
EXTI1_IRQHandler                                  CMakeFiles/PRAC_STM32.elf.dir/Src/bsp/startup/startup_stm32h563zitx.s.obj
EXTI2_IRQHandler                                  CMakeFiles/PRAC_STM32.elf.dir/Src/bsp/startup/startup_stm32h563zitx.s.obj
EXTI3_IRQHandler                                  CMakeFiles/PRAC_STM32.elf.dir/Src/bsp/startup/startup_stm32h563zitx.s.obj
EXTI4_IRQHandler                                  CMakeFiles/PRAC_STM32.elf.dir/Src/bsp/startup/startup_stm32h563zitx.s.obj
EXTI5_IRQHandler                                  CMakeFiles/PRAC_STM32.elf.dir/Src/bsp/startup/startup_stm32h563zitx.s.obj
EXTI6_IRQHandler                                  CMakeFiles/PRAC_STM32.elf.dir/Src/bsp/startup/startup_stm32h563zitx.s.obj
EXTI7_IRQHandler                                  CMakeFiles/PRAC_STM32.elf.dir/Src/bsp/startup/startup_stm32h563zitx.s.obj
EXTI8_IRQHandler                                  CMakeFiles/PRAC_STM32.elf.dir/Src/bsp/startup/startup_stm32h563zitx.s.obj
EXTI9_IRQHandler                                  CMakeFiles/PRAC_STM32.elf.dir/Src/bsp/startup/startup_stm32h563zitx.s.obj
FDCAN1_IT0_IRQHandler                             CMakeFiles/PRAC_STM32.elf.dir/Src/bsp/startup/startup_stm32h563zitx.s.obj
FDCAN1_IT1_IRQHandler                             CMakeFiles/PRAC_STM32.elf.dir/Src/bsp/startup/startup_stm32h563zitx.s.obj
FDCAN2_IT0_IRQHandler                             CMakeFiles/PRAC_STM32.elf.dir/Src/bsp/startup/startup_stm32h563zitx.s.obj
FDCAN2_IT1_IRQHandler                             CMakeFiles/PRAC_STM32.elf.dir/Src/bsp/startup/startup_stm32h563zitx.s.obj
FLASH_IRQHandler                                  CMakeFiles/PRAC_STM32.elf.dir/Src/bsp/startup/startup_stm32h563zitx.s.obj
FLASH_S_IRQHandler                                CMakeFiles/PRAC_STM32.elf.dir/Src/bsp/startup/startup_stm32h563zitx.s.obj
FMAC_IRQHandler                                   CMakeFiles/PRAC_STM32.elf.dir/Src/bsp/startup/startup_stm32h563zitx.s.obj
FMC_IRQHandler                                    CMakeFiles/PRAC_STM32.elf.dir/Src/bsp/startup/startup_stm32h563zitx.s.obj
GPDMA1_CH0_IRQHandler                             CMakeFiles/PRAC_STM32.elf.dir/Src/bsp/startup/startup_stm32h563zitx.s.obj
GPDMA1_CH1_IRQHandler                             CMakeFiles/PRAC_STM32.elf.dir/Src/bsp/startup/startup_stm32h563zitx.s.obj
GPDMA1_CH2_IRQHandler                             CMakeFiles/PRAC_STM32.elf.dir/Src/bsp/startup/startup_stm32h563zitx.s.obj
GPDMA1_CH3_IRQHandler                             CMakeFiles/PRAC_STM32.elf.dir/Src/bsp/startup/startup_stm32h563zitx.s.obj
GPDMA1_CH4_IRQHandler                             CMakeFiles/PRAC_STM32.elf.dir/Src/bsp/startup/startup_stm32h563zitx.s.obj
GPDMA1_CH5_IRQHandler                             CMakeFiles/PRAC_STM32.elf.dir/Src/bsp/startup/startup_stm32h563zitx.s.obj
GPDMA1_CH6_IRQHandler                             CMakeFiles/PRAC_STM32.elf.dir/Src/bsp/startup/startup_stm32h563zitx.s.obj
GPDMA1_CH7_IRQHandler                             CMakeFiles/PRAC_STM32.elf.dir/Src/bsp/startup/startup_stm32h563zitx.s.obj
GPDMA2_CH0_IRQHandler                             CMakeFiles/PRAC_STM32.elf.dir/Src/bsp/startup/startup_stm32h563zitx.s.obj
GPDMA2_CH1_IRQHandler                             CMakeFiles/PRAC_STM32.elf.dir/Src/bsp/startup/startup_stm32h563zitx.s.obj
GPDMA2_CH2_IRQHandler                             CMakeFiles/PRAC_STM32.elf.dir/Src/bsp/startup/startup_stm32h563zitx.s.obj
GPDMA2_CH3_IRQHandler                             CMakeFiles/PRAC_STM32.elf.dir/Src/bsp/startup/startup_stm32h563zitx.s.obj
GPDMA2_CH4_IRQHandler                             CMakeFiles/PRAC_STM32.elf.dir/Src/bsp/startup/startup_stm32h563zitx.s.obj
GPDMA2_CH5_IRQHandler                             CMakeFiles/PRAC_STM32.elf.dir/Src/bsp/startup/startup_stm32h563zitx.s.obj
GPDMA2_CH6_IRQHandler                             CMakeFiles/PRAC_STM32.elf.dir/Src/bsp/startup/startup_stm32h563zitx.s.obj
GPDMA2_CH7_IRQHandler                             CMakeFiles/PRAC_STM32.elf.dir/Src/bsp/startup/startup_stm32h563zitx.s.obj
GTZC_IRQHandler                                   CMakeFiles/PRAC_STM32.elf.dir/Src/bsp/startup/startup_stm32h563zitx.s.obj
HASH_IRQHandler                                   CMakeFiles/PRAC_STM32.elf.dir/Src/bsp/startup/startup_stm32h563zitx.s.obj
HardFault_Handler                                 CMakeFiles/PRAC_STM32.elf.dir/Src/bsp/startup/startup_stm32h563zitx.s.obj
I2C1_ER_IRQHandler                                CMakeFiles/PRAC_STM32.elf.dir/Src/bsp/startup/startup_stm32h563zitx.s.obj
I2C1_EV_IRQHandler                                CMakeFiles/PRAC_STM32.elf.dir/Src/bsp/startup/startup_stm32h563zitx.s.obj
I2C2_ER_IRQHandler                                CMakeFiles/PRAC_STM32.elf.dir/Src/bsp/startup/startup_stm32h563zitx.s.obj
I2C2_EV_IRQHandler                                CMakeFiles/PRAC_STM32.elf.dir/Src/bsp/startup/startup_stm32h563zitx.s.obj
I2C3_ER_IRQHandler                                CMakeFiles/PRAC_STM32.elf.dir/Src/bsp/startup/startup_stm32h563zitx.s.obj
I2C3_EV_IRQHandler                                CMakeFiles/PRAC_STM32.elf.dir/Src/bsp/startup/startup_stm32h563zitx.s.obj
I2C4_ER_IRQHandler                                CMakeFiles/PRAC_STM32.elf.dir/Src/bsp/startup/startup_stm32h563zitx.s.obj
I2C4_EV_IRQHandler                                CMakeFiles/PRAC_STM32.elf.dir/Src/bsp/startup/startup_stm32h563zitx.s.obj
I3C1_ER_IRQHandler                                CMakeFiles/PRAC_STM32.elf.dir/Src/bsp/startup/startup_stm32h563zitx.s.obj
I3C1_EV_IRQHandler                                CMakeFiles/PRAC_STM32.elf.dir/Src/bsp/startup/startup_stm32h563zitx.s.obj
ICACHE_IRQHandler                                 CMakeFiles/PRAC_STM32.elf.dir/Src/bsp/startup/startup_stm32h563zitx.s.obj
IM8_BRK_TERR_IERR_IRQHandler                      CMakeFiles/PRAC_STM32.elf.dir/Src/bsp/startup/startup_stm32h563zitx.s.obj
IWDG_IRQHandler                                   CMakeFiles/PRAC_STM32.elf.dir/Src/bsp/startup/startup_stm32h563zitx.s.obj
LPTIM1_IRQHandler                                 CMakeFiles/PRAC_STM32.elf.dir/Src/bsp/startup/startup_stm32h563zitx.s.obj
LPTIM2_IRQHandler                                 CMakeFiles/PRAC_STM32.elf.dir/Src/bsp/startup/startup_stm32h563zitx.s.obj
LPTIM3_IRQHandler                                 CMakeFiles/PRAC_STM32.elf.dir/Src/bsp/startup/startup_stm32h563zitx.s.obj
LPTIM4_IRQHandler                                 CMakeFiles/PRAC_STM32.elf.dir/Src/bsp/startup/startup_stm32h563zitx.s.obj
LPTIM5_IRQHandler                                 CMakeFiles/PRAC_STM32.elf.dir/Src/bsp/startup/startup_stm32h563zitx.s.obj
LPTIM6_IRQHandler                                 CMakeFiles/PRAC_STM32.elf.dir/Src/bsp/startup/startup_stm32h563zitx.s.obj
LPUART1_IRQHandler                                CMakeFiles/PRAC_STM32.elf.dir/Src/bsp/startup/startup_stm32h563zitx.s.obj
MemManage_Handler                                 CMakeFiles/PRAC_STM32.elf.dir/Src/bsp/startup/startup_stm32h563zitx.s.obj
NMI_Handler                                       CMakeFiles/PRAC_STM32.elf.dir/Src/bsp/startup/startup_stm32h563zitx.s.obj
OCTOSPI1_IRQHandler                               CMakeFiles/PRAC_STM32.elf.dir/Src/bsp/startup/startup_stm32h563zitx.s.obj
PendSV_Handler                                    CMakeFiles/PRAC_STM32.elf.dir/Src/bsp/startup/startup_stm32h563zitx.s.obj
RAMCFG_IRQHandler                                 CMakeFiles/PRAC_STM32.elf.dir/Src/bsp/startup/startup_stm32h563zitx.s.obj
RCC_IRQHandler                                    CMakeFiles/PRAC_STM32.elf.dir/Src/bsp/startup/startup_stm32h563zitx.s.obj
RCC_S_IRQHandler                                  CMakeFiles/PRAC_STM32.elf.dir/Src/bsp/startup/startup_stm32h563zitx.s.obj
RNG_IRQHandler                                    CMakeFiles/PRAC_STM32.elf.dir/Src/bsp/startup/startup_stm32h563zitx.s.obj
Reset_Handler                                     CMakeFiles/PRAC_STM32.elf.dir/Src/bsp/startup/startup_stm32h563zitx.s.obj
SAI1_IRQHandler                                   CMakeFiles/PRAC_STM32.elf.dir/Src/bsp/startup/startup_stm32h563zitx.s.obj
SAI2_IRQHandler                                   CMakeFiles/PRAC_STM32.elf.dir/Src/bsp/startup/startup_stm32h563zitx.s.obj
SDMMC1_IRQHandler                                 CMakeFiles/PRAC_STM32.elf.dir/Src/bsp/startup/startup_stm32h563zitx.s.obj
SDMMC2_IRQHandler                                 CMakeFiles/PRAC_STM32.elf.dir/Src/bsp/startup/startup_stm32h563zitx.s.obj
SPI1_IRQHandler                                   CMakeFiles/PRAC_STM32.elf.dir/Src/bsp/startup/startup_stm32h563zitx.s.obj
SPI2_IRQHandler                                   CMakeFiles/PRAC_STM32.elf.dir/Src/bsp/startup/startup_stm32h563zitx.s.obj
SPI3_IRQHandler                                   CMakeFiles/PRAC_STM32.elf.dir/Src/bsp/startup/startup_stm32h563zitx.s.obj
SPI4_IRQHandler                                   CMakeFiles/PRAC_STM32.elf.dir/Src/bsp/startup/startup_stm32h563zitx.s.obj
SPI5_IRQHandler                                   CMakeFiles/PRAC_STM32.elf.dir/Src/bsp/startup/startup_stm32h563zitx.s.obj
SPI6_IRQHandler                                   CMakeFiles/PRAC_STM32.elf.dir/Src/bsp/startup/startup_stm32h563zitx.s.obj
SVC_Handler                                       CMakeFiles/PRAC_STM32.elf.dir/Src/bsp/startup/startup_stm32h563zitx.s.obj
SecureFault_Handler                               CMakeFiles/PRAC_STM32.elf.dir/Src/bsp/startup/startup_stm32h563zitx.s.obj
SysTick_Handler                                   CMakeFiles/PRAC_STM32.elf.dir/Src/bsp/startup/startup_stm32h563zitx.s.obj
SystemInit                                        CMakeFiles/PRAC_STM32.elf.dir/Src/bsp/startup/startup_stm32h563zitx.s.obj
TAMP_IRQHandler                                   CMakeFiles/PRAC_STM32.elf.dir/Src/bsp/startup/startup_stm32h563zitx.s.obj
TIM12_IRQHandler                                  CMakeFiles/PRAC_STM32.elf.dir/Src/bsp/startup/startup_stm32h563zitx.s.obj
TIM13_IRQHandler                                  CMakeFiles/PRAC_STM32.elf.dir/Src/bsp/startup/startup_stm32h563zitx.s.obj
TIM14_IRQHandler                                  CMakeFiles/PRAC_STM32.elf.dir/Src/bsp/startup/startup_stm32h563zitx.s.obj
TIM15_IRQHandler                                  CMakeFiles/PRAC_STM32.elf.dir/Src/bsp/startup/startup_stm32h563zitx.s.obj
TIM16_IRQHandler                                  CMakeFiles/PRAC_STM32.elf.dir/Src/bsp/startup/startup_stm32h563zitx.s.obj
TIM17_IRQHandler                                  CMakeFiles/PRAC_STM32.elf.dir/Src/bsp/startup/startup_stm32h563zitx.s.obj
TIM1_BRK_TERR_IERR_IRQHandler                     CMakeFiles/PRAC_STM32.elf.dir/Src/bsp/startup/startup_stm32h563zitx.s.obj
TIM1_CC_IRQHandler                                CMakeFiles/PRAC_STM32.elf.dir/Src/bsp/startup/startup_stm32h563zitx.s.obj
TIM1_TRG_COM_DIR_IDX_IRQHandler                   CMakeFiles/PRAC_STM32.elf.dir/Src/bsp/startup/startup_stm32h563zitx.s.obj
TIM1_UP_IRQHandler                                CMakeFiles/PRAC_STM32.elf.dir/Src/bsp/startup/startup_stm32h563zitx.s.obj
TIM2_IRQHandler                                   CMakeFiles/PRAC_STM32.elf.dir/Src/bsp/startup/startup_stm32h563zitx.s.obj
TIM3_IRQHandler                                   CMakeFiles/PRAC_STM32.elf.dir/Src/bsp/startup/startup_stm32h563zitx.s.obj
TIM4_IRQHandler                                   CMakeFiles/PRAC_STM32.elf.dir/Src/bsp/startup/startup_stm32h563zitx.s.obj
TIM5_IRQHandler                                   CMakeFiles/PRAC_STM32.elf.dir/Src/bsp/startup/startup_stm32h563zitx.s.obj
TIM6_IRQHandler                                   CMakeFiles/PRAC_STM32.elf.dir/Src/bsp/startup/startup_stm32h563zitx.s.obj
TIM7_IRQHandler                                   CMakeFiles/PRAC_STM32.elf.dir/Src/bsp/startup/startup_stm32h563zitx.s.obj
TIM8_CC_IRQHandler                                CMakeFiles/PRAC_STM32.elf.dir/Src/bsp/startup/startup_stm32h563zitx.s.obj
TIM8_TRG_COM_DIR_IDX_IRQHandler                   CMakeFiles/PRAC_STM32.elf.dir/Src/bsp/startup/startup_stm32h563zitx.s.obj
TIM8_UP_IRQHandler                                CMakeFiles/PRAC_STM32.elf.dir/Src/bsp/startup/startup_stm32h563zitx.s.obj
UART12_IRQHandler                                 CMakeFiles/PRAC_STM32.elf.dir/Src/bsp/startup/startup_stm32h563zitx.s.obj
UART4_IRQHandler                                  CMakeFiles/PRAC_STM32.elf.dir/Src/bsp/startup/startup_stm32h563zitx.s.obj
UART5_IRQHandler                                  CMakeFiles/PRAC_STM32.elf.dir/Src/bsp/startup/startup_stm32h563zitx.s.obj
UART7_IRQHandler                                  CMakeFiles/PRAC_STM32.elf.dir/Src/bsp/startup/startup_stm32h563zitx.s.obj
UART8_IRQHandler                                  CMakeFiles/PRAC_STM32.elf.dir/Src/bsp/startup/startup_stm32h563zitx.s.obj
UART9_IRQHandler                                  CMakeFiles/PRAC_STM32.elf.dir/Src/bsp/startup/startup_stm32h563zitx.s.obj
UCPD1_IRQHandler                                  CMakeFiles/PRAC_STM32.elf.dir/Src/bsp/startup/startup_stm32h563zitx.s.obj
USART10_IRQHandler                                CMakeFiles/PRAC_STM32.elf.dir/Src/bsp/startup/startup_stm32h563zitx.s.obj
USART11_IRQHandler                                CMakeFiles/PRAC_STM32.elf.dir/Src/bsp/startup/startup_stm32h563zitx.s.obj
USART1_IRQHandler                                 CMakeFiles/PRAC_STM32.elf.dir/Src/bsp/startup/startup_stm32h563zitx.s.obj
USART2_IRQHandler                                 CMakeFiles/PRAC_STM32.elf.dir/Src/bsp/startup/startup_stm32h563zitx.s.obj
USART3_IRQHandler                                 CMakeFiles/PRAC_STM32.elf.dir/Src/bsp/startup/startup_stm32h563zitx.s.obj
USART6_IRQHandler                                 CMakeFiles/PRAC_STM32.elf.dir/Src/bsp/startup/startup_stm32h563zitx.s.obj
USB_FS_IRQHandler                                 CMakeFiles/PRAC_STM32.elf.dir/Src/bsp/startup/startup_stm32h563zitx.s.obj
UsageFault_Handler                                CMakeFiles/PRAC_STM32.elf.dir/Src/bsp/startup/startup_stm32h563zitx.s.obj
WWDG_IRQHandler                                   CMakeFiles/PRAC_STM32.elf.dir/Src/bsp/startup/startup_stm32h563zitx.s.obj
_ITM_deregisterTMCloneTable                       /Applications/ArmGNUToolchain/15.2.rel1/arm-none-eabi/bin/../lib/gcc/arm-none-eabi/15.2.1/thumb/v8-m.main+fp/hard/crtbegin.o
_ITM_registerTMCloneTable                         /Applications/ArmGNUToolchain/15.2.rel1/arm-none-eabi/bin/../lib/gcc/arm-none-eabi/15.2.1/thumb/v8-m.main+fp/hard/crtbegin.o
_Min_Stack_Size                                   CMakeFiles/PRAC_STM32.elf.dir/Src/bsp/sysmem.c.obj
__TMC_END__                                       /Applications/ArmGNUToolchain/15.2.rel1/arm-none-eabi/bin/../lib/gcc/arm-none-eabi/15.2.1/thumb/v8-m.main+fp/hard/crtend.o
                                                  /Applications/ArmGNUToolchain/15.2.rel1/arm-none-eabi/bin/../lib/gcc/arm-none-eabi/15.2.1/thumb/v8-m.main+fp/hard/crtbegin.o
__bss_end__                                       /Applications/ArmGNUToolchain/15.2.rel1/arm-none-eabi/bin/../lib/gcc/arm-none-eabi/15.2.1/../../../../arm-none-eabi/lib/thumb/v8-m.main+fp/hard/crt0.o
__bss_start__                                     /Applications/ArmGNUToolchain/15.2.rel1/arm-none-eabi/bin/../lib/gcc/arm-none-eabi/15.2.1/../../../../arm-none-eabi/lib/thumb/v8-m.main+fp/hard/crt0.o
__call_exitprocs                                  /Applications/ArmGNUToolchain/15.2.rel1/arm-none-eabi/bin/../lib/gcc/arm-none-eabi/15.2.1/../../../../arm-none-eabi/lib/thumb/v8-m.main+fp/hard/libg_nano.a(libc_a-exit.o)
__deregister_frame_info                           /Applications/ArmGNUToolchain/15.2.rel1/arm-none-eabi/bin/../lib/gcc/arm-none-eabi/15.2.1/thumb/v8-m.main+fp/hard/crtbegin.o
__dso_handle                                      /Applications/ArmGNUToolchain/15.2.rel1/arm-none-eabi/bin/../lib/gcc/arm-none-eabi/15.2.1/thumb/v8-m.main+fp/hard/crtbegin.o
__env                                             CMakeFiles/PRAC_STM32.elf.dir/Src/bsp/syscalls.c.obj
__errno                                           /Applications/ArmGNUToolchain/15.2.rel1/arm-none-eabi/bin/../lib/gcc/arm-none-eabi/15.2.1/../../../../arm-none-eabi/lib/thumb/v8-m.main+fp/hard/libg_nano.a(libc_a-errno.o)
                                                  CMakeFiles/PRAC_STM32.elf.dir/Src/bsp/sysmem.c.obj
                                                  CMakeFiles/PRAC_STM32.elf.dir/Src/bsp/syscalls.c.obj
__fp_lock_all                                     /Applications/ArmGNUToolchain/15.2.rel1/arm-none-eabi/bin/../lib/gcc/arm-none-eabi/15.2.1/../../../../arm-none-eabi/lib/thumb/v8-m.main+fp/hard/libg_nano.a(libc_a-findfp.o)
__fp_unlock_all                                   /Applications/ArmGNUToolchain/15.2.rel1/arm-none-eabi/bin/../lib/gcc/arm-none-eabi/15.2.1/../../../../arm-none-eabi/lib/thumb/v8-m.main+fp/hard/libg_nano.a(libc_a-findfp.o)
__init_array_end                                  /Applications/ArmGNUToolchain/15.2.rel1/arm-none-eabi/bin/../lib/gcc/arm-none-eabi/15.2.1/../../../../arm-none-eabi/lib/thumb/v8-m.main+fp/hard/libg_nano.a(libc_a-init.o)
__init_array_start                                /Applications/ArmGNUToolchain/15.2.rel1/arm-none-eabi/bin/../lib/gcc/arm-none-eabi/15.2.1/../../../../arm-none-eabi/lib/thumb/v8-m.main+fp/hard/libg_nano.a(libc_a-init.o)
__io_getchar                                      CMakeFiles/PRAC_STM32.elf.dir/Src/bsp/syscalls.c.obj
__io_putchar                                      CMakeFiles/PRAC_STM32.elf.dir/Src/bsp/syscalls.c.obj
__libc_fini_array                                 /Applications/ArmGNUToolchain/15.2.rel1/arm-none-eabi/bin/../lib/gcc/arm-none-eabi/15.2.1/../../../../arm-none-eabi/lib/thumb/v8-m.main+fp/hard/crt0.o
__libc_init_array                                 /Applications/ArmGNUToolchain/15.2.rel1/arm-none-eabi/bin/../lib/gcc/arm-none-eabi/15.2.1/../../../../arm-none-eabi/lib/thumb/v8-m.main+fp/hard/libg_nano.a(libc_a-init.o)
                                                  CMakeFiles/PRAC_STM32.elf.dir/Src/bsp/startup/startup_stm32h563zitx.s.obj
                                                  /Applications/ArmGNUToolchain/15.2.rel1/arm-none-eabi/bin/../lib/gcc/arm-none-eabi/15.2.1/../../../../arm-none-eabi/lib/thumb/v8-m.main+fp/hard/crt0.o
__lock___arc4random_mutex                         /Applications/ArmGNUToolchain/15.2.rel1/arm-none-eabi/bin/../lib/gcc/arm-none-eabi/15.2.1/../../../../arm-none-eabi/lib/thumb/v8-m.main+fp/hard/libg_nano.a(libc_a-lock.o)
__lock___at_quick_exit_mutex                      /Applications/ArmGNUToolchain/15.2.rel1/arm-none-eabi/bin/../lib/gcc/arm-none-eabi/15.2.1/../../../../arm-none-eabi/lib/thumb/v8-m.main+fp/hard/libg_nano.a(libc_a-lock.o)
__lock___atexit_recursive_mutex                   /Applications/ArmGNUToolchain/15.2.rel1/arm-none-eabi/bin/../lib/gcc/arm-none-eabi/15.2.1/../../../../arm-none-eabi/lib/thumb/v8-m.main+fp/hard/libg_nano.a(libc_a-lock.o)
__lock___dd_hash_mutex                            /Applications/ArmGNUToolchain/15.2.rel1/arm-none-eabi/bin/../lib/gcc/arm-none-eabi/15.2.1/../../../../arm-none-eabi/lib/thumb/v8-m.main+fp/hard/libg_nano.a(libc_a-lock.o)
__lock___env_recursive_mutex                      /Applications/ArmGNUToolchain/15.2.rel1/arm-none-eabi/bin/../lib/gcc/arm-none-eabi/15.2.1/../../../../arm-none-eabi/lib/thumb/v8-m.main+fp/hard/libg_nano.a(libc_a-lock.o)
__lock___malloc_recursive_mutex                   /Applications/ArmGNUToolchain/15.2.rel1/arm-none-eabi/bin/../lib/gcc/arm-none-eabi/15.2.1/../../../../arm-none-eabi/lib/thumb/v8-m.main+fp/hard/libg_nano.a(libc_a-lock.o)
                                                  /Applications/ArmGNUToolchain/15.2.rel1/arm-none-eabi/bin/../lib/gcc/arm-none-eabi/15.2.1/../../../../arm-none-eabi/lib/thumb/v8-m.main+fp/hard/libg_nano.a(libc_a-mlock.o)
__lock___sfp_recursive_mutex                      /Applications/ArmGNUToolchain/15.2.rel1/arm-none-eabi/bin/../lib/gcc/arm-none-eabi/15.2.1/../../../../arm-none-eabi/lib/thumb/v8-m.main+fp/hard/libg_nano.a(libc_a-lock.o)
                                                  /Applications/ArmGNUToolchain/15.2.rel1/arm-none-eabi/bin/../lib/gcc/arm-none-eabi/15.2.1/../../../../arm-none-eabi/lib/thumb/v8-m.main+fp/hard/libg_nano.a(libc_a-findfp.o)
__lock___tz_mutex                                 /Applications/ArmGNUToolchain/15.2.rel1/arm-none-eabi/bin/../lib/gcc/arm-none-eabi/15.2.1/../../../../arm-none-eabi/lib/thumb/v8-m.main+fp/hard/libg_nano.a(libc_a-lock.o)
__malloc_free_list                                /Applications/ArmGNUToolchain/15.2.rel1/arm-none-eabi/bin/../lib/gcc/arm-none-eabi/15.2.1/../../../../arm-none-eabi/lib/thumb/v8-m.main+fp/hard/libg_nano.a(libc_a-mallocr.o)
                                                  /Applications/ArmGNUToolchain/15.2.rel1/arm-none-eabi/bin/../lib/gcc/arm-none-eabi/15.2.1/../../../../arm-none-eabi/lib/thumb/v8-m.main+fp/hard/libg_nano.a(libc_a-freer.o)
__malloc_lock                                     /Applications/ArmGNUToolchain/15.2.rel1/arm-none-eabi/bin/../lib/gcc/arm-none-eabi/15.2.1/../../../../arm-none-eabi/lib/thumb/v8-m.main+fp/hard/libg_nano.a(libc_a-mlock.o)
                                                  /Applications/ArmGNUToolchain/15.2.rel1/arm-none-eabi/bin/../lib/gcc/arm-none-eabi/15.2.1/../../../../arm-none-eabi/lib/thumb/v8-m.main+fp/hard/libg_nano.a(libc_a-freer.o)
                                                  /Applications/ArmGNUToolchain/15.2.rel1/arm-none-eabi/bin/../lib/gcc/arm-none-eabi/15.2.1/../../../../arm-none-eabi/lib/thumb/v8-m.main+fp/hard/libg_nano.a(libc_a-mallocr.o)
__malloc_sbrk_start                               /Applications/ArmGNUToolchain/15.2.rel1/arm-none-eabi/bin/../lib/gcc/arm-none-eabi/15.2.1/../../../../arm-none-eabi/lib/thumb/v8-m.main+fp/hard/libg_nano.a(libc_a-mallocr.o)
__malloc_unlock                                   /Applications/ArmGNUToolchain/15.2.rel1/arm-none-eabi/bin/../lib/gcc/arm-none-eabi/15.2.1/../../../../arm-none-eabi/lib/thumb/v8-m.main+fp/hard/libg_nano.a(libc_a-mlock.o)
                                                  /Applications/ArmGNUToolchain/15.2.rel1/arm-none-eabi/bin/../lib/gcc/arm-none-eabi/15.2.1/../../../../arm-none-eabi/lib/thumb/v8-m.main+fp/hard/libg_nano.a(libc_a-freer.o)
                                                  /Applications/ArmGNUToolchain/15.2.rel1/arm-none-eabi/bin/../lib/gcc/arm-none-eabi/15.2.1/../../../../arm-none-eabi/lib/thumb/v8-m.main+fp/hard/libg_nano.a(libc_a-mallocr.o)
__preinit_array_end                               /Applications/ArmGNUToolchain/15.2.rel1/arm-none-eabi/bin/../lib/gcc/arm-none-eabi/15.2.1/../../../../arm-none-eabi/lib/thumb/v8-m.main+fp/hard/libg_nano.a(libc_a-init.o)
__preinit_array_start                             /Applications/ArmGNUToolchain/15.2.rel1/arm-none-eabi/bin/../lib/gcc/arm-none-eabi/15.2.1/../../../../arm-none-eabi/lib/thumb/v8-m.main+fp/hard/libg_nano.a(libc_a-init.o)
__register_frame_info                             /Applications/ArmGNUToolchain/15.2.rel1/arm-none-eabi/bin/../lib/gcc/arm-none-eabi/15.2.1/thumb/v8-m.main+fp/hard/crtbegin.o
__retarget_lock_acquire                           /Applications/ArmGNUToolchain/15.2.rel1/arm-none-eabi/bin/../lib/gcc/arm-none-eabi/15.2.1/../../../../arm-none-eabi/lib/thumb/v8-m.main+fp/hard/libg_nano.a(libc_a-lock.o)
__retarget_lock_acquire_recursive                 /Applications/ArmGNUToolchain/15.2.rel1/arm-none-eabi/bin/../lib/gcc/arm-none-eabi/15.2.1/../../../../arm-none-eabi/lib/thumb/v8-m.main+fp/hard/libg_nano.a(libc_a-lock.o)
                                                  /Applications/ArmGNUToolchain/15.2.rel1/arm-none-eabi/bin/../lib/gcc/arm-none-eabi/15.2.1/../../../../arm-none-eabi/lib/thumb/v8-m.main+fp/hard/libg_nano.a(libc_a-fflush.o)
                                                  /Applications/ArmGNUToolchain/15.2.rel1/arm-none-eabi/bin/../lib/gcc/arm-none-eabi/15.2.1/../../../../arm-none-eabi/lib/thumb/v8-m.main+fp/hard/libg_nano.a(libc_a-mlock.o)
                                                  /Applications/ArmGNUToolchain/15.2.rel1/arm-none-eabi/bin/../lib/gcc/arm-none-eabi/15.2.1/../../../../arm-none-eabi/lib/thumb/v8-m.main+fp/hard/libg_nano.a(libc_a-findfp.o)
__retarget_lock_close                             /Applications/ArmGNUToolchain/15.2.rel1/arm-none-eabi/bin/../lib/gcc/arm-none-eabi/15.2.1/../../../../arm-none-eabi/lib/thumb/v8-m.main+fp/hard/libg_nano.a(libc_a-lock.o)
__retarget_lock_close_recursive                   /Applications/ArmGNUToolchain/15.2.rel1/arm-none-eabi/bin/../lib/gcc/arm-none-eabi/15.2.1/../../../../arm-none-eabi/lib/thumb/v8-m.main+fp/hard/libg_nano.a(libc_a-lock.o)
__retarget_lock_init                              /Applications/ArmGNUToolchain/15.2.rel1/arm-none-eabi/bin/../lib/gcc/arm-none-eabi/15.2.1/../../../../arm-none-eabi/lib/thumb/v8-m.main+fp/hard/libg_nano.a(libc_a-lock.o)
__retarget_lock_init_recursive                    /Applications/ArmGNUToolchain/15.2.rel1/arm-none-eabi/bin/../lib/gcc/arm-none-eabi/15.2.1/../../../../arm-none-eabi/lib/thumb/v8-m.main+fp/hard/libg_nano.a(libc_a-lock.o)
                                                  /Applications/ArmGNUToolchain/15.2.rel1/arm-none-eabi/bin/../lib/gcc/arm-none-eabi/15.2.1/../../../../arm-none-eabi/lib/thumb/v8-m.main+fp/hard/libg_nano.a(libc_a-findfp.o)
__retarget_lock_release                           /Applications/ArmGNUToolchain/15.2.rel1/arm-none-eabi/bin/../lib/gcc/arm-none-eabi/15.2.1/../../../../arm-none-eabi/lib/thumb/v8-m.main+fp/hard/libg_nano.a(libc_a-lock.o)
__retarget_lock_release_recursive                 /Applications/ArmGNUToolchain/15.2.rel1/arm-none-eabi/bin/../lib/gcc/arm-none-eabi/15.2.1/../../../../arm-none-eabi/lib/thumb/v8-m.main+fp/hard/libg_nano.a(libc_a-lock.o)
                                                  /Applications/ArmGNUToolchain/15.2.rel1/arm-none-eabi/bin/../lib/gcc/arm-none-eabi/15.2.1/../../../../arm-none-eabi/lib/thumb/v8-m.main+fp/hard/libg_nano.a(libc_a-fflush.o)
                                                  /Applications/ArmGNUToolchain/15.2.rel1/arm-none-eabi/bin/../lib/gcc/arm-none-eabi/15.2.1/../../../../arm-none-eabi/lib/thumb/v8-m.main+fp/hard/libg_nano.a(libc_a-mlock.o)
                                                  /Applications/ArmGNUToolchain/15.2.rel1/arm-none-eabi/bin/../lib/gcc/arm-none-eabi/15.2.1/../../../../arm-none-eabi/lib/thumb/v8-m.main+fp/hard/libg_nano.a(libc_a-findfp.o)
__retarget_lock_try_acquire                       /Applications/ArmGNUToolchain/15.2.rel1/arm-none-eabi/bin/../lib/gcc/arm-none-eabi/15.2.1/../../../../arm-none-eabi/lib/thumb/v8-m.main+fp/hard/libg_nano.a(libc_a-lock.o)
__retarget_lock_try_acquire_recursive             /Applications/ArmGNUToolchain/15.2.rel1/arm-none-eabi/bin/../lib/gcc/arm-none-eabi/15.2.1/../../../../arm-none-eabi/lib/thumb/v8-m.main+fp/hard/libg_nano.a(libc_a-lock.o)
__sclose                                          /Applications/ArmGNUToolchain/15.2.rel1/arm-none-eabi/bin/../lib/gcc/arm-none-eabi/15.2.1/../../../../arm-none-eabi/lib/thumb/v8-m.main+fp/hard/libg_nano.a(libc_a-stdio.o)
                                                  /Applications/ArmGNUToolchain/15.2.rel1/arm-none-eabi/bin/../lib/gcc/arm-none-eabi/15.2.1/../../../../arm-none-eabi/lib/thumb/v8-m.main+fp/hard/libg_nano.a(libc_a-findfp.o)
__seofread                                        /Applications/ArmGNUToolchain/15.2.rel1/arm-none-eabi/bin/../lib/gcc/arm-none-eabi/15.2.1/../../../../arm-none-eabi/lib/thumb/v8-m.main+fp/hard/libg_nano.a(libc_a-stdio.o)
__sf                                              /Applications/ArmGNUToolchain/15.2.rel1/arm-none-eabi/bin/../lib/gcc/arm-none-eabi/15.2.1/../../../../arm-none-eabi/lib/thumb/v8-m.main+fp/hard/libg_nano.a(libc_a-findfp.o)
                                                  /Applications/ArmGNUToolchain/15.2.rel1/arm-none-eabi/bin/../lib/gcc/arm-none-eabi/15.2.1/../../../../arm-none-eabi/lib/thumb/v8-m.main+fp/hard/libg_nano.a(libc_a-impure.o)
__sflush_r                                        /Applications/ArmGNUToolchain/15.2.rel1/arm-none-eabi/bin/../lib/gcc/arm-none-eabi/15.2.1/../../../../arm-none-eabi/lib/thumb/v8-m.main+fp/hard/libg_nano.a(libc_a-fflush.o)
__sfp                                             /Applications/ArmGNUToolchain/15.2.rel1/arm-none-eabi/bin/../lib/gcc/arm-none-eabi/15.2.1/../../../../arm-none-eabi/lib/thumb/v8-m.main+fp/hard/libg_nano.a(libc_a-findfp.o)
__sfp_lock_acquire                                /Applications/ArmGNUToolchain/15.2.rel1/arm-none-eabi/bin/../lib/gcc/arm-none-eabi/15.2.1/../../../../arm-none-eabi/lib/thumb/v8-m.main+fp/hard/libg_nano.a(libc_a-findfp.o)
__sfp_lock_release                                /Applications/ArmGNUToolchain/15.2.rel1/arm-none-eabi/bin/../lib/gcc/arm-none-eabi/15.2.1/../../../../arm-none-eabi/lib/thumb/v8-m.main+fp/hard/libg_nano.a(libc_a-findfp.o)
__sglue                                           /Applications/ArmGNUToolchain/15.2.rel1/arm-none-eabi/bin/../lib/gcc/arm-none-eabi/15.2.1/../../../../arm-none-eabi/lib/thumb/v8-m.main+fp/hard/libg_nano.a(libc_a-findfp.o)
                                                  /Applications/ArmGNUToolchain/15.2.rel1/arm-none-eabi/bin/../lib/gcc/arm-none-eabi/15.2.1/../../../../arm-none-eabi/lib/thumb/v8-m.main+fp/hard/libg_nano.a(libc_a-fflush.o)
__sinit                                           /Applications/ArmGNUToolchain/15.2.rel1/arm-none-eabi/bin/../lib/gcc/arm-none-eabi/15.2.1/../../../../arm-none-eabi/lib/thumb/v8-m.main+fp/hard/libg_nano.a(libc_a-findfp.o)
                                                  /Applications/ArmGNUToolchain/15.2.rel1/arm-none-eabi/bin/../lib/gcc/arm-none-eabi/15.2.1/../../../../arm-none-eabi/lib/thumb/v8-m.main+fp/hard/libg_nano.a(libc_a-fflush.o)
__sread                                           /Applications/ArmGNUToolchain/15.2.rel1/arm-none-eabi/bin/../lib/gcc/arm-none-eabi/15.2.1/../../../../arm-none-eabi/lib/thumb/v8-m.main+fp/hard/libg_nano.a(libc_a-stdio.o)
                                                  /Applications/ArmGNUToolchain/15.2.rel1/arm-none-eabi/bin/../lib/gcc/arm-none-eabi/15.2.1/../../../../arm-none-eabi/lib/thumb/v8-m.main+fp/hard/libg_nano.a(libc_a-findfp.o)
__sseek                                           /Applications/ArmGNUToolchain/15.2.rel1/arm-none-eabi/bin/../lib/gcc/arm-none-eabi/15.2.1/../../../../arm-none-eabi/lib/thumb/v8-m.main+fp/hard/libg_nano.a(libc_a-stdio.o)
                                                  /Applications/ArmGNUToolchain/15.2.rel1/arm-none-eabi/bin/../lib/gcc/arm-none-eabi/15.2.1/../../../../arm-none-eabi/lib/thumb/v8-m.main+fp/hard/libg_nano.a(libc_a-findfp.o)
__stack                                           /Applications/ArmGNUToolchain/15.2.rel1/arm-none-eabi/bin/../lib/gcc/arm-none-eabi/15.2.1/../../../../arm-none-eabi/lib/thumb/v8-m.main+fp/hard/crt0.o
__stdio_exit_handler                              /Applications/ArmGNUToolchain/15.2.rel1/arm-none-eabi/bin/../lib/gcc/arm-none-eabi/15.2.1/../../../../arm-none-eabi/lib/thumb/v8-m.main+fp/hard/libg_nano.a(libc_a-findfp.o)
                                                  /Applications/ArmGNUToolchain/15.2.rel1/arm-none-eabi/bin/../lib/gcc/arm-none-eabi/15.2.1/../../../../arm-none-eabi/lib/thumb/v8-m.main+fp/hard/libg_nano.a(libc_a-exit.o)
__swrite                                          /Applications/ArmGNUToolchain/15.2.rel1/arm-none-eabi/bin/../lib/gcc/arm-none-eabi/15.2.1/../../../../arm-none-eabi/lib/thumb/v8-m.main+fp/hard/libg_nano.a(libc_a-stdio.o)
                                                  /Applications/ArmGNUToolchain/15.2.rel1/arm-none-eabi/bin/../lib/gcc/arm-none-eabi/15.2.1/../../../../arm-none-eabi/lib/thumb/v8-m.main+fp/hard/libg_nano.a(libc_a-findfp.o)
_close                                            CMakeFiles/PRAC_STM32.elf.dir/Src/bsp/syscalls.c.obj
                                                  /Applications/ArmGNUToolchain/15.2.rel1/arm-none-eabi/bin/../lib/gcc/arm-none-eabi/15.2.1/../../../../arm-none-eabi/lib/thumb/v8-m.main+fp/hard/libg_nano.a(libc_a-closer.o)
_close_r                                          /Applications/ArmGNUToolchain/15.2.rel1/arm-none-eabi/bin/../lib/gcc/arm-none-eabi/15.2.1/../../../../arm-none-eabi/lib/thumb/v8-m.main+fp/hard/libg_nano.a(libc_a-closer.o)
                                                  /Applications/ArmGNUToolchain/15.2.rel1/arm-none-eabi/bin/../lib/gcc/arm-none-eabi/15.2.1/../../../../arm-none-eabi/lib/thumb/v8-m.main+fp/hard/libg_nano.a(libc_a-stdio.o)
_ebss                                             CMakeFiles/PRAC_STM32.elf.dir/Src/bsp/startup/startup_stm32h563zitx.s.obj
_edata                                            CMakeFiles/PRAC_STM32.elf.dir/Src/bsp/startup/startup_stm32h563zitx.s.obj
_end                                              CMakeFiles/PRAC_STM32.elf.dir/Src/bsp/sysmem.c.obj
_estack                                           CMakeFiles/PRAC_STM32.elf.dir/Src/bsp/sysmem.c.obj
                                                  CMakeFiles/PRAC_STM32.elf.dir/Src/bsp/startup/startup_stm32h563zitx.s.obj
_execve                                           CMakeFiles/PRAC_STM32.elf.dir/Src/bsp/syscalls.c.obj
_exit                                             CMakeFiles/PRAC_STM32.elf.dir/Src/bsp/syscalls.c.obj
                                                  /Applications/ArmGNUToolchain/15.2.rel1/arm-none-eabi/bin/../lib/gcc/arm-none-eabi/15.2.1/../../../../arm-none-eabi/lib/thumb/v8-m.main+fp/hard/libg_nano.a(libc_a-exit.o)
_fflush_r                                         /Applications/ArmGNUToolchain/15.2.rel1/arm-none-eabi/bin/../lib/gcc/arm-none-eabi/15.2.1/../../../../arm-none-eabi/lib/thumb/v8-m.main+fp/hard/libg_nano.a(libc_a-fflush.o)
                                                  /Applications/ArmGNUToolchain/15.2.rel1/arm-none-eabi/bin/../lib/gcc/arm-none-eabi/15.2.1/../../../../arm-none-eabi/lib/thumb/v8-m.main+fp/hard/libg_nano.a(libc_a-findfp.o)
_fini                                             /Applications/ArmGNUToolchain/15.2.rel1/arm-none-eabi/bin/../lib/gcc/arm-none-eabi/15.2.1/thumb/v8-m.main+fp/hard/crti.o
_fork                                             CMakeFiles/PRAC_STM32.elf.dir/Src/bsp/syscalls.c.obj
_free_r                                           /Applications/ArmGNUToolchain/15.2.rel1/arm-none-eabi/bin/../lib/gcc/arm-none-eabi/15.2.1/../../../../arm-none-eabi/lib/thumb/v8-m.main+fp/hard/libg_nano.a(libc_a-freer.o)
                                                  /Applications/ArmGNUToolchain/15.2.rel1/arm-none-eabi/bin/../lib/gcc/arm-none-eabi/15.2.1/../../../../arm-none-eabi/lib/thumb/v8-m.main+fp/hard/libg_nano.a(libc_a-reent.o)
                                                  /Applications/ArmGNUToolchain/15.2.rel1/arm-none-eabi/bin/../lib/gcc/arm-none-eabi/15.2.1/../../../../arm-none-eabi/lib/thumb/v8-m.main+fp/hard/libg_nano.a(libc_a-fflush.o)
_fstat                                            CMakeFiles/PRAC_STM32.elf.dir/Src/bsp/syscalls.c.obj
_fwalk_sglue                                      /Applications/ArmGNUToolchain/15.2.rel1/arm-none-eabi/bin/../lib/gcc/arm-none-eabi/15.2.1/../../../../arm-none-eabi/lib/thumb/v8-m.main+fp/hard/libg_nano.a(libc_a-fwalk.o)
                                                  /Applications/ArmGNUToolchain/15.2.rel1/arm-none-eabi/bin/../lib/gcc/arm-none-eabi/15.2.1/../../../../arm-none-eabi/lib/thumb/v8-m.main+fp/hard/libg_nano.a(libc_a-fflush.o)
                                                  /Applications/ArmGNUToolchain/15.2.rel1/arm-none-eabi/bin/../lib/gcc/arm-none-eabi/15.2.1/../../../../arm-none-eabi/lib/thumb/v8-m.main+fp/hard/libg_nano.a(libc_a-findfp.o)
_getpid                                           CMakeFiles/PRAC_STM32.elf.dir/Src/bsp/syscalls.c.obj
_impure_data                                      /Applications/ArmGNUToolchain/15.2.rel1/arm-none-eabi/bin/../lib/gcc/arm-none-eabi/15.2.1/../../../../arm-none-eabi/lib/thumb/v8-m.main+fp/hard/libg_nano.a(libc_a-impure.o)
                                                  /Applications/ArmGNUToolchain/15.2.rel1/arm-none-eabi/bin/../lib/gcc/arm-none-eabi/15.2.1/../../../../arm-none-eabi/lib/thumb/v8-m.main+fp/hard/libg_nano.a(libc_a-fflush.o)
                                                  /Applications/ArmGNUToolchain/15.2.rel1/arm-none-eabi/bin/../lib/gcc/arm-none-eabi/15.2.1/../../../../arm-none-eabi/lib/thumb/v8-m.main+fp/hard/libg_nano.a(libc_a-findfp.o)
_impure_ptr                                       /Applications/ArmGNUToolchain/15.2.rel1/arm-none-eabi/bin/../lib/gcc/arm-none-eabi/15.2.1/../../../../arm-none-eabi/lib/thumb/v8-m.main+fp/hard/libg_nano.a(libc_a-impure.o)
                                                  /Applications/ArmGNUToolchain/15.2.rel1/arm-none-eabi/bin/../lib/gcc/arm-none-eabi/15.2.1/../../../../arm-none-eabi/lib/thumb/v8-m.main+fp/hard/libg_nano.a(libc_a-reent.o)
                                                  /Applications/ArmGNUToolchain/15.2.rel1/arm-none-eabi/bin/../lib/gcc/arm-none-eabi/15.2.1/../../../../arm-none-eabi/lib/thumb/v8-m.main+fp/hard/libg_nano.a(libc_a-fflush.o)
                                                  /Applications/ArmGNUToolchain/15.2.rel1/arm-none-eabi/bin/../lib/gcc/arm-none-eabi/15.2.1/../../../../arm-none-eabi/lib/thumb/v8-m.main+fp/hard/libg_nano.a(libc_a-errno.o)
_init                                             /Applications/ArmGNUToolchain/15.2.rel1/arm-none-eabi/bin/../lib/gcc/arm-none-eabi/15.2.1/thumb/v8-m.main+fp/hard/crti.o
                                                  /Applications/ArmGNUToolchain/15.2.rel1/arm-none-eabi/bin/../lib/gcc/arm-none-eabi/15.2.1/../../../../arm-none-eabi/lib/thumb/v8-m.main+fp/hard/libg_nano.a(libc_a-init.o)
_isatty                                           CMakeFiles/PRAC_STM32.elf.dir/Src/bsp/syscalls.c.obj
_kill                                             CMakeFiles/PRAC_STM32.elf.dir/Src/bsp/syscalls.c.obj
_link                                             CMakeFiles/PRAC_STM32.elf.dir/Src/bsp/syscalls.c.obj
_lseek                                            CMakeFiles/PRAC_STM32.elf.dir/Src/bsp/syscalls.c.obj
                                                  /Applications/ArmGNUToolchain/15.2.rel1/arm-none-eabi/bin/../lib/gcc/arm-none-eabi/15.2.1/../../../../arm-none-eabi/lib/thumb/v8-m.main+fp/hard/libg_nano.a(libc_a-lseekr.o)
_lseek_r                                          /Applications/ArmGNUToolchain/15.2.rel1/arm-none-eabi/bin/../lib/gcc/arm-none-eabi/15.2.1/../../../../arm-none-eabi/lib/thumb/v8-m.main+fp/hard/libg_nano.a(libc_a-lseekr.o)
                                                  /Applications/ArmGNUToolchain/15.2.rel1/arm-none-eabi/bin/../lib/gcc/arm-none-eabi/15.2.1/../../../../arm-none-eabi/lib/thumb/v8-m.main+fp/hard/libg_nano.a(libc_a-stdio.o)
_mainCRTStartup                                   /Applications/ArmGNUToolchain/15.2.rel1/arm-none-eabi/bin/../lib/gcc/arm-none-eabi/15.2.1/../../../../arm-none-eabi/lib/thumb/v8-m.main+fp/hard/crt0.o
_malloc_r                                         /Applications/ArmGNUToolchain/15.2.rel1/arm-none-eabi/bin/../lib/gcc/arm-none-eabi/15.2.1/../../../../arm-none-eabi/lib/thumb/v8-m.main+fp/hard/libg_nano.a(libc_a-mallocr.o)
                                                  /Applications/ArmGNUToolchain/15.2.rel1/arm-none-eabi/bin/../lib/gcc/arm-none-eabi/15.2.1/../../../../arm-none-eabi/lib/thumb/v8-m.main+fp/hard/libg_nano.a(libc_a-findfp.o)
_open                                             CMakeFiles/PRAC_STM32.elf.dir/Src/bsp/syscalls.c.obj
_read                                             CMakeFiles/PRAC_STM32.elf.dir/Src/bsp/syscalls.c.obj
                                                  /Applications/ArmGNUToolchain/15.2.rel1/arm-none-eabi/bin/../lib/gcc/arm-none-eabi/15.2.1/../../../../arm-none-eabi/lib/thumb/v8-m.main+fp/hard/libg_nano.a(libc_a-readr.o)
_read_r                                           /Applications/ArmGNUToolchain/15.2.rel1/arm-none-eabi/bin/../lib/gcc/arm-none-eabi/15.2.1/../../../../arm-none-eabi/lib/thumb/v8-m.main+fp/hard/libg_nano.a(libc_a-readr.o)
                                                  /Applications/ArmGNUToolchain/15.2.rel1/arm-none-eabi/bin/../lib/gcc/arm-none-eabi/15.2.1/../../../../arm-none-eabi/lib/thumb/v8-m.main+fp/hard/libg_nano.a(libc_a-stdio.o)
_reclaim_reent                                    /Applications/ArmGNUToolchain/15.2.rel1/arm-none-eabi/bin/../lib/gcc/arm-none-eabi/15.2.1/../../../../arm-none-eabi/lib/thumb/v8-m.main+fp/hard/libg_nano.a(libc_a-reent.o)
_sbrk                                             CMakeFiles/PRAC_STM32.elf.dir/Src/bsp/sysmem.c.obj
                                                  /Applications/ArmGNUToolchain/15.2.rel1/arm-none-eabi/bin/../lib/gcc/arm-none-eabi/15.2.1/../../../../arm-none-eabi/lib/thumb/v8-m.main+fp/hard/libg_nano.a(libc_a-sbrkr.o)
_sbrk_r                                           /Applications/ArmGNUToolchain/15.2.rel1/arm-none-eabi/bin/../lib/gcc/arm-none-eabi/15.2.1/../../../../arm-none-eabi/lib/thumb/v8-m.main+fp/hard/libg_nano.a(libc_a-sbrkr.o)
                                                  /Applications/ArmGNUToolchain/15.2.rel1/arm-none-eabi/bin/../lib/gcc/arm-none-eabi/15.2.1/../../../../arm-none-eabi/lib/thumb/v8-m.main+fp/hard/libg_nano.a(libc_a-mallocr.o)
_sbss                                             CMakeFiles/PRAC_STM32.elf.dir/Src/bsp/startup/startup_stm32h563zitx.s.obj
_sdata                                            CMakeFiles/PRAC_STM32.elf.dir/Src/bsp/startup/startup_stm32h563zitx.s.obj
_sidata                                           CMakeFiles/PRAC_STM32.elf.dir/Src/bsp/startup/startup_stm32h563zitx.s.obj
_stack_init                                       /Applications/ArmGNUToolchain/15.2.rel1/arm-none-eabi/bin/../lib/gcc/arm-none-eabi/15.2.1/../../../../arm-none-eabi/lib/thumb/v8-m.main+fp/hard/crt0.o
_start                                            /Applications/ArmGNUToolchain/15.2.rel1/arm-none-eabi/bin/../lib/gcc/arm-none-eabi/15.2.1/../../../../arm-none-eabi/lib/thumb/v8-m.main+fp/hard/crt0.o
_stat                                             CMakeFiles/PRAC_STM32.elf.dir/Src/bsp/syscalls.c.obj
_times                                            CMakeFiles/PRAC_STM32.elf.dir/Src/bsp/syscalls.c.obj
_unlink                                           CMakeFiles/PRAC_STM32.elf.dir/Src/bsp/syscalls.c.obj
_wait                                             CMakeFiles/PRAC_STM32.elf.dir/Src/bsp/syscalls.c.obj
_write                                            CMakeFiles/PRAC_STM32.elf.dir/Src/bsp/syscalls.c.obj
                                                  /Applications/ArmGNUToolchain/15.2.rel1/arm-none-eabi/bin/../lib/gcc/arm-none-eabi/15.2.1/../../../../arm-none-eabi/lib/thumb/v8-m.main+fp/hard/libg_nano.a(libc_a-writer.o)
_write_r                                          /Applications/ArmGNUToolchain/15.2.rel1/arm-none-eabi/bin/../lib/gcc/arm-none-eabi/15.2.1/../../../../arm-none-eabi/lib/thumb/v8-m.main+fp/hard/libg_nano.a(libc_a-writer.o)
                                                  /Applications/ArmGNUToolchain/15.2.rel1/arm-none-eabi/bin/../lib/gcc/arm-none-eabi/15.2.1/../../../../arm-none-eabi/lib/thumb/v8-m.main+fp/hard/libg_nano.a(libc_a-stdio.o)
apInit                                            CMakeFiles/PRAC_STM32.elf.dir/Src/ap/ap.c.obj
                                                  CMakeFiles/PRAC_STM32.elf.dir/Src/main.c.obj
apMain                                            CMakeFiles/PRAC_STM32.elf.dir/Src/ap/ap.c.obj
                                                  CMakeFiles/PRAC_STM32.elf.dir/Src/main.c.obj
atexit                                            /Applications/ArmGNUToolchain/15.2.rel1/arm-none-eabi/bin/../lib/gcc/arm-none-eabi/15.2.1/../../../../arm-none-eabi/lib/thumb/v8-m.main+fp/hard/crt0.o
bspInit                                           CMakeFiles/PRAC_STM32.elf.dir/Src/bsp/bsp.c.obj
                                                  CMakeFiles/PRAC_STM32.elf.dir/Src/hw/hw.c.obj
delay                                             CMakeFiles/PRAC_STM32.elf.dir/Src/bsp/bsp.c.obj
environ                                           CMakeFiles/PRAC_STM32.elf.dir/Src/bsp/syscalls.c.obj
errno                                             /Applications/ArmGNUToolchain/15.2.rel1/arm-none-eabi/bin/../lib/gcc/arm-none-eabi/15.2.1/../../../../arm-none-eabi/lib/thumb/v8-m.main+fp/hard/libg_nano.a(libc_a-reent.o)
                                                  /Applications/ArmGNUToolchain/15.2.rel1/arm-none-eabi/bin/../lib/gcc/arm-none-eabi/15.2.1/../../../../arm-none-eabi/lib/thumb/v8-m.main+fp/hard/libg_nano.a(libc_a-closer.o)
                                                  /Applications/ArmGNUToolchain/15.2.rel1/arm-none-eabi/bin/../lib/gcc/arm-none-eabi/15.2.1/../../../../arm-none-eabi/lib/thumb/v8-m.main+fp/hard/libg_nano.a(libc_a-writer.o)
                                                  /Applications/ArmGNUToolchain/15.2.rel1/arm-none-eabi/bin/../lib/gcc/arm-none-eabi/15.2.1/../../../../arm-none-eabi/lib/thumb/v8-m.main+fp/hard/libg_nano.a(libc_a-sbrkr.o)
                                                  /Applications/ArmGNUToolchain/15.2.rel1/arm-none-eabi/bin/../lib/gcc/arm-none-eabi/15.2.1/../../../../arm-none-eabi/lib/thumb/v8-m.main+fp/hard/libg_nano.a(libc_a-readr.o)
                                                  /Applications/ArmGNUToolchain/15.2.rel1/arm-none-eabi/bin/../lib/gcc/arm-none-eabi/15.2.1/../../../../arm-none-eabi/lib/thumb/v8-m.main+fp/hard/libg_nano.a(libc_a-lseekr.o)
exit                                              /Applications/ArmGNUToolchain/15.2.rel1/arm-none-eabi/bin/../lib/gcc/arm-none-eabi/15.2.1/../../../../arm-none-eabi/lib/thumb/v8-m.main+fp/hard/libg_nano.a(libc_a-exit.o)
                                                  /Applications/ArmGNUToolchain/15.2.rel1/arm-none-eabi/bin/../lib/gcc/arm-none-eabi/15.2.1/../../../../arm-none-eabi/lib/thumb/v8-m.main+fp/hard/crt0.o
fflush                                            /Applications/ArmGNUToolchain/15.2.rel1/arm-none-eabi/bin/../lib/gcc/arm-none-eabi/15.2.1/../../../../arm-none-eabi/lib/thumb/v8-m.main+fp/hard/libg_nano.a(libc_a-fflush.o)
g_pfnVectors                                      CMakeFiles/PRAC_STM32.elf.dir/Src/bsp/startup/startup_stm32h563zitx.s.obj
hardware_init_hook                                /Applications/ArmGNUToolchain/15.2.rel1/arm-none-eabi/bin/../lib/gcc/arm-none-eabi/15.2.1/../../../../arm-none-eabi/lib/thumb/v8-m.main+fp/hard/crt0.o
hwInit                                            CMakeFiles/PRAC_STM32.elf.dir/Src/hw/hw.c.obj
                                                  CMakeFiles/PRAC_STM32.elf.dir/Src/main.c.obj
initialise_monitor_handles                        CMakeFiles/PRAC_STM32.elf.dir/Src/bsp/syscalls.c.obj
main                                              CMakeFiles/PRAC_STM32.elf.dir/Src/main.c.obj
                                                  CMakeFiles/PRAC_STM32.elf.dir/Src/bsp/startup/startup_stm32h563zitx.s.obj
                                                  /Applications/ArmGNUToolchain/15.2.rel1/arm-none-eabi/bin/../lib/gcc/arm-none-eabi/15.2.1/../../../../arm-none-eabi/lib/thumb/v8-m.main+fp/hard/crt0.o
memset                                            /Applications/ArmGNUToolchain/15.2.rel1/arm-none-eabi/bin/../lib/gcc/arm-none-eabi/15.2.1/../../../../arm-none-eabi/lib/thumb/v8-m.main+fp/hard/libg_nano.a(libc_a-memset.o)
                                                  /Applications/ArmGNUToolchain/15.2.rel1/arm-none-eabi/bin/../lib/gcc/arm-none-eabi/15.2.1/../../../../arm-none-eabi/lib/thumb/v8-m.main+fp/hard/libg_nano.a(libc_a-findfp.o)
                                                  /Applications/ArmGNUToolchain/15.2.rel1/arm-none-eabi/bin/../lib/gcc/arm-none-eabi/15.2.1/../../../../arm-none-eabi/lib/thumb/v8-m.main+fp/hard/crt0.o
millis                                            CMakeFiles/PRAC_STM32.elf.dir/Src/bsp/bsp.c.obj
software_init_hook                                /Applications/ArmGNUToolchain/15.2.rel1/arm-none-eabi/bin/../lib/gcc/arm-none-eabi/15.2.1/../../../../arm-none-eabi/lib/thumb/v8-m.main+fp/hard/crt0.o
